    1  07:58:19.865946 IP (tos 0x2,ECT(0), ttl 59, id 0, offset 0, flags [none], proto UDP (17), length 70)
    217.89.30.176.49152 > 217.89.29.22.49153: 
    BCM-LI-SHIM: direction ingress, pkt-type undecided, pkt-subtype double VLAN tag, li-id 66666
    unknown payload
    2  07:58:21.884122 IP (tos 0x2,ECT(0), ttl 59, id 0, offset 0, flags [none], proto UDP (17), length 98)
    217.89.30.176.49152 > 217.89.29.22.49153: 
    BCM-LI-SHIM: direction ingress, pkt-type undecided, pkt-subtype double VLAN tag, li-id 66666
    IP (tos 0x0, ttl 64, id 57427, offset 0, flags [DF], proto UDP (17), length 66)
    9.182.64.0.36264 > 217.89.31.49.53: 44388+ A? iperf3.xlab.t-iot.de. (38)
    3  07:58:21.884291 IP (tos 0x2,ECT(0), ttl 59, id 0, offset 0, flags [none], proto UDP (17), length 98)
    217.89.30.176.49152 > 217.89.29.22.49153: 
    BCM-LI-SHIM: direction ingress, pkt-type undecided, pkt-subtype double VLAN tag, li-id 66666
    IP (tos 0x0, ttl 64, id 57428, offset 0, flags [DF], proto UDP (17), length 66)
    9.182.64.0.36264 > 217.89.31.49.53: 15746+ AAAA? iperf3.xlab.t-iot.de. (38)
    4  07:58:21.886344 IP (tos 0x2,ECT(0), ttl 59, id 0, offset 0, flags [none], proto UDP (17), length 205)
    217.89.30.176.49152 > 217.89.29.22.49153: 
    BCM-LI-SHIM: direction egress, pkt-type ethernet, pkt-subtype double VLAN tag, li-id 66666
    PPPoE  [ses 0xc3] IP (tos 0x0, ttl 60, id 22283, offset 0, flags [none], proto UDP (17), length 143)
    217.89.31.49.53 > 9.182.64.0.36264: 44388* 1/1/2 iperf3.xlab.t-iot.de. A 217.89.31.229 (115)
    5  07:58:21.886389 IP (tos 0x2,ECT(0), ttl 59, id 0, offset 0, flags [none], proto UDP (17), length 217)
    217.89.30.176.49152 > 217.89.29.22.49153: 
    BCM-LI-SHIM: direction egress, pkt-type ethernet, pkt-subtype double VLAN tag, li-id 66666
    PPPoE  [ses 0xc3] IP (tos 0x0, ttl 60, id 22284, offset 0, flags [none], proto UDP (17), length 155)
    217.89.31.49.53 > 9.182.64.0.36264: 15746* 1/1/2 iperf3.xlab.t-iot.de. AAAA 2003:4:f007:a01a:217:89:31:229 (127)
    6  07:58:21.886872 IP (tos 0x2,ECT(0), ttl 59, id 0, offset 0, flags [none], proto UDP (17), length 92)
    217.89.30.176.49152 > 217.89.29.22.49153: 
    BCM-LI-SHIM: direction ingress, pkt-type undecided, pkt-subtype double VLAN tag, li-id 66666
    IP (tos 0x0, ttl 64, id 51720, offset 0, flags [DF], proto TCP (6), length 60)
    9.182.64.0.51344 > 217.89.31.229.50003: Flags [S], cksum 0x534b (correct), seq 2040003902, win 65340, options [mss 1452,sackOK,TS val 3167220488 ecr 0,nop,wscale 7], length 0
    7  07:58:21.889698 IP (tos 0x2,ECT(0), ttl 59, id 0, offset 0, flags [none], proto UDP (17), length 122)
    217.89.30.176.49152 > 217.89.29.22.49153: 
    BCM-LI-SHIM: direction egress, pkt-type ethernet, pkt-subtype double VLAN tag, li-id 66666
    PPPoE  [ses 0xc3] IP (tos 0x0, ttl 60, id 0, offset 0, flags [DF], proto TCP (6), length 60)
    217.89.31.229.50003 > 9.182.64.0.51344: Flags [S.], cksum 0x2850 (correct), seq 1682249933, ack 2040003903, win 28960, options [mss 1460,sackOK,TS val 1713100238 ecr 3167220488,nop,wscale 9], length 0
    8  07:58:21.889745 IP (tos 0x2,ECT(0), ttl 59, id 0, offset 0, flags [none], proto UDP (17), length 84)
    217.89.30.176.49152 > 217.89.29.22.49153: 
    BCM-LI-SHIM: direction ingress, pkt-type undecided, pkt-subtype double VLAN tag, li-id 66666
    IP (tos 0x0, ttl 64, id 51721, offset 0, flags [DF], proto TCP (6), length 52)
    9.182.64.0.51344 > 217.89.31.229.50003: Flags [.], cksum 0xc63d (correct), ack 1, win 511, options [nop,nop,TS val 3167220490 ecr 1713100238], length 0
    9  07:58:21.889750 IP (tos 0x2,ECT(0), ttl 59, id 0, offset 0, flags [none], proto UDP (17), length 121)
    217.89.30.176.49152 > 217.89.29.22.49153: 
    BCM-LI-SHIM: direction ingress, pkt-type undecided, pkt-subtype double VLAN tag, li-id 66666
    IP (tos 0x0, ttl 64, id 51722, offset 0, flags [DF], proto TCP (6), length 89)
    9.182.64.0.51344 > 217.89.31.229.50003: Flags [P.], cksum 0xf6de (correct), seq 1:38, ack 1, win 511, options [nop,nop,TS val 3167220490 ecr 1713100238], length 37
   10  07:58:21.891444 IP (tos 0x2,ECT(0), ttl 59, id 0, offset 0, flags [none], proto UDP (17), length 114)
    217.89.30.176.49152 > 217.89.29.22.49153: 
    BCM-LI-SHIM: direction egress, pkt-type ethernet, pkt-subtype double VLAN tag, li-id 66666
    PPPoE  [ses 0xc3] IP (tos 0x0, ttl 60, id 58009, offset 0, flags [DF], proto TCP (6), length 52)
    217.89.31.229.50003 > 9.182.64.0.51344: Flags [.], cksum 0xc7db (correct), ack 38, win 57, options [nop,nop,TS val 1713100241 ecr 3167220490], length 0
   11  07:58:21.891451 IP (tos 0x2,ECT(0), ttl 59, id 0, offset 0, flags [none], proto UDP (17), length 115)
    217.89.30.176.49152 > 217.89.29.22.49153: 
    BCM-LI-SHIM: direction egress, pkt-type ethernet, pkt-subtype double VLAN tag, li-id 66666
    PPPoE  [ses 0xc3] IP (tos 0x0, ttl 60, id 58010, offset 0, flags [DF], proto TCP (6), length 53)
    217.89.31.229.50003 > 9.182.64.0.51344: Flags [P.], cksum 0xbed2 (correct), seq 1:2, ack 38, win 57, options [nop,nop,TS val 1713100241 ecr 3167220490], length 1
   12  07:58:21.891455 IP (tos 0x2,ECT(0), ttl 59, id 0, offset 0, flags [none], proto UDP (17), length 84)
    217.89.30.176.49152 > 217.89.29.22.49153: 
    BCM-LI-SHIM: direction ingress, pkt-type undecided, pkt-subtype double VLAN tag, li-id 66666
    IP (tos 0x0, ttl 64, id 51723, offset 0, flags [DF], proto TCP (6), length 52)
    9.182.64.0.51344 > 217.89.31.229.50003: Flags [.], cksum 0xc612 (correct), ack 2, win 511, options [nop,nop,TS val 3167220492 ecr 1713100241], length 0
   13  07:58:21.891458 IP (tos 0x2,ECT(0), ttl 59, id 0, offset 0, flags [none], proto UDP (17), length 88)
    217.89.30.176.49152 > 217.89.29.22.49153: 
    BCM-LI-SHIM: direction ingress, pkt-type undecided, pkt-subtype double VLAN tag, li-id 66666
    IP (tos 0x0, ttl 64, id 51724, offset 0, flags [DF], proto TCP (6), length 56)
    9.182.64.0.51344 > 217.89.31.229.50003: Flags [P.], cksum 0xc57f (correct), seq 38:42, ack 2, win 511, options [nop,nop,TS val 3167220493 ecr 1713100241], length 4
   14  07:58:21.934258 IP (tos 0x2,ECT(0), ttl 59, id 0, offset 0, flags [none], proto UDP (17), length 114)
    217.89.30.176.49152 > 217.89.29.22.49153: 
    BCM-LI-SHIM: direction egress, pkt-type ethernet, pkt-subtype double VLAN tag, li-id 66666
    PPPoE  [ses 0xc3] IP (tos 0x0, ttl 60, id 58011, offset 0, flags [DF], proto TCP (6), length 52)
    217.89.31.229.50003 > 9.182.64.0.51344: Flags [.], cksum 0xc7a8 (correct), ack 42, win 57, options [nop,nop,TS val 1713100284 ecr 3167220493], length 0
   15  07:58:21.934313 IP (tos 0x2,ECT(0), ttl 59, id 0, offset 0, flags [none], proto UDP (17), length 218)
    217.89.30.176.49152 > 217.89.29.22.49153: 
    BCM-LI-SHIM: direction ingress, pkt-type undecided, pkt-subtype double VLAN tag, li-id 66666
    IP (tos 0x0, ttl 64, id 51725, offset 0, flags [DF], proto TCP (6), length 186)
    9.182.64.0.51344 > 217.89.31.229.50003: Flags [P.], cksum 0x8f88 (correct), seq 42:176, ack 2, win 511, options [nop,nop,TS val 3167220535 ecr 1713100284], length 134
   16  07:58:21.935738 IP (tos 0x2,ECT(0), ttl 59, id 0, offset 0, flags [none], proto UDP (17), length 114)
    217.89.30.176.49152 > 217.89.29.22.49153: 
    BCM-LI-SHIM: direction egress, pkt-type ethernet, pkt-subtype double VLAN tag, li-id 66666
    PPPoE  [ses 0xc3] IP (tos 0x0, ttl 60, id 58012, offset 0, flags [DF], proto TCP (6), length 52)
    217.89.31.229.50003 > 9.182.64.0.51344: Flags [.], cksum 0xc6f5 (correct), ack 176, win 59, options [nop,nop,TS val 1713100285 ecr 3167220535], length 0
   17  07:58:21.935753 IP (tos 0x2,ECT(0), ttl 59, id 0, offset 0, flags [none], proto UDP (17), length 115)
    217.89.30.176.49152 > 217.89.29.22.49153: 
    BCM-LI-SHIM: direction egress, pkt-type ethernet, pkt-subtype double VLAN tag, li-id 66666
    PPPoE  [ses 0xc3] IP (tos 0x0, ttl 60, id 58013, offset 0, flags [DF], proto TCP (6), length 53)
    217.89.31.229.50003 > 9.182.64.0.51344: Flags [P.], cksum 0xbcec (correct), seq 2:3, ack 176, win 59, options [nop,nop,TS val 1713100285 ecr 3167220535], length 1
   18  07:58:21.935941 IP (tos 0x2,ECT(0), ttl 59, id 0, offset 0, flags [none], proto UDP (17), length 84)
    217.89.30.176.49152 > 217.89.29.22.49153: 
    BCM-LI-SHIM: direction ingress, pkt-type undecided, pkt-subtype double VLAN tag, li-id 66666
    IP (tos 0x0, ttl 64, id 51726, offset 0, flags [DF], proto TCP (6), length 52)
    9.182.64.0.51344 > 217.89.31.229.50003: Flags [.], cksum 0xc52e (correct), ack 3, win 511, options [nop,nop,TS val 3167220537 ecr 1713100285], length 0
   19  07:58:21.935949 IP (tos 0x2,ECT(0), ttl 59, id 0, offset 0, flags [none], proto UDP (17), length 98)
    217.89.30.176.49152 > 217.89.29.22.49153: 
    BCM-LI-SHIM: direction ingress, pkt-type undecided, pkt-subtype double VLAN tag, li-id 66666
    IP (tos 0x0, ttl 64, id 57438, offset 0, flags [DF], proto UDP (17), length 66)
    9.182.64.0.38748 > 217.89.31.49.53: 55721+ A? iperf3.xlab.t-iot.de. (38)
   20  07:58:21.935953 IP (tos 0x2,ECT(0), ttl 59, id 0, offset 0, flags [none], proto UDP (17), length 98)
    217.89.30.176.49152 > 217.89.29.22.49153: 
    BCM-LI-SHIM: direction ingress, pkt-type undecided, pkt-subtype double VLAN tag, li-id 66666
    IP (tos 0x0, ttl 64, id 57439, offset 0, flags [DF], proto UDP (17), length 66)
    9.182.64.0.38748 > 217.89.31.49.53: 17081+ AAAA? iperf3.xlab.t-iot.de. (38)
   21  07:58:21.938124 IP (tos 0x2,ECT(0), ttl 59, id 0, offset 0, flags [none], proto UDP (17), length 205)
    217.89.30.176.49152 > 217.89.29.22.49153: 
    BCM-LI-SHIM: direction egress, pkt-type ethernet, pkt-subtype double VLAN tag, li-id 66666
    PPPoE  [ses 0xc3] IP (tos 0x0, ttl 60, id 22288, offset 0, flags [none], proto UDP (17), length 143)
    217.89.31.49.53 > 9.182.64.0.38748: 55721* 1/1/2 iperf3.xlab.t-iot.de. A 217.89.31.229 (115)
   22  07:58:21.938140 IP (tos 0x2,ECT(0), ttl 59, id 0, offset 0, flags [none], proto UDP (17), length 217)
    217.89.30.176.49152 > 217.89.29.22.49153: 
    BCM-LI-SHIM: direction egress, pkt-type ethernet, pkt-subtype double VLAN tag, li-id 66666
    PPPoE  [ses 0xc3] IP (tos 0x0, ttl 60, id 22289, offset 0, flags [none], proto UDP (17), length 155)
    217.89.31.49.53 > 9.182.64.0.38748: 17081* 1/1/2 iperf3.xlab.t-iot.de. AAAA 2003:4:f007:a01a:217:89:31:229 (127)
   23  07:58:21.938469 IP (tos 0x2,ECT(0), ttl 59, id 0, offset 0, flags [none], proto UDP (17), length 70)
    217.89.30.176.49152 > 217.89.29.22.49153: 
    BCM-LI-SHIM: direction ingress, pkt-type undecided, pkt-subtype double VLAN tag, li-id 66666
    IP (tos 0x0, ttl 64, id 46854, offset 0, flags [DF], proto UDP (17), length 32)
    9.182.64.0.45432 > 217.89.31.229.50003: UDP, length 4
   24  07:58:21.940595 IP (tos 0x2,ECT(0), ttl 59, id 0, offset 0, flags [none], proto UDP (17), length 108)
    217.89.30.176.49152 > 217.89.29.22.49153: 
    BCM-LI-SHIM: direction egress, pkt-type ethernet, pkt-subtype double VLAN tag, li-id 66666
    PPPoE  [ses 0xc3] IP (tos 0x0, ttl 60, id 49957, offset 0, flags [DF], proto UDP (17), length 32)
    217.89.31.229.50003 > 9.182.64.0.45432: UDP, length 4
   25  07:58:21.940607 IP (tos 0x2,ECT(0), ttl 59, id 0, offset 0, flags [none], proto UDP (17), length 115)
    217.89.30.176.49152 > 217.89.29.22.49153: 
    BCM-LI-SHIM: direction egress, pkt-type ethernet, pkt-subtype double VLAN tag, li-id 66666
    PPPoE  [ses 0xc3] IP (tos 0x0, ttl 60, id 58014, offset 0, flags [DF], proto TCP (6), length 53)
    217.89.31.229.50003 > 9.182.64.0.51344: Flags [P.], cksum 0xc5e4 (correct), seq 3:4, ack 176, win 59, options [nop,nop,TS val 1713100290 ecr 3167220537], length 1
   26  07:58:21.940744 IP (tos 0x2,ECT(0), ttl 59, id 0, offset 0, flags [none], proto UDP (17), length 84)
    217.89.30.176.49152 > 217.89.29.22.49153: 
    BCM-LI-SHIM: direction ingress, pkt-type undecided, pkt-subtype double VLAN tag, li-id 66666
    IP (tos 0x0, ttl 64, id 51727, offset 0, flags [DF], proto TCP (6), length 52)
    9.182.64.0.51344 > 217.89.31.229.50003: Flags [.], cksum 0xc523 (correct), ack 4, win 511, options [nop,nop,TS val 3167220542 ecr 1713100290], length 0
   27  07:58:21.942383 IP (tos 0x2,ECT(0), ttl 59, id 0, offset 0, flags [none], proto UDP (17), length 115)
    217.89.30.176.49152 > 217.89.29.22.49153: 
    BCM-LI-SHIM: direction egress, pkt-type ethernet, pkt-subtype double VLAN tag, li-id 66666
    PPPoE  [ses 0xc3] IP (tos 0x0, ttl 60, id 58015, offset 0, flags [DF], proto TCP (6), length 53)
    217.89.31.229.50003 > 9.182.64.0.51344: Flags [P.], cksum 0xc4dc (correct), seq 4:5, ack 176, win 59, options [nop,nop,TS val 1713100292 ecr 3167220542], length 1
   28  07:58:21.942555 IP (tos 0x2,ECT(0), ttl 59, id 0, offset 0, flags [none], proto UDP (17), length 84)
    217.89.30.176.49152 > 217.89.29.22.49153: 
    BCM-LI-SHIM: direction ingress, pkt-type undecided, pkt-subtype double VLAN tag, li-id 66666
    IP (tos 0x0, ttl 64, id 51728, offset 0, flags [DF], proto TCP (6), length 52)
    9.182.64.0.51344 > 217.89.31.229.50003: Flags [.], cksum 0xc51e (correct), ack 5, win 511, options [nop,nop,TS val 3167220544 ecr 1713100292], length 0
   29  07:58:24.994569 IP (tos 0x2,ECT(0), ttl 59, id 0, offset 0, flags [none], proto UDP (17), length 70)
    217.89.30.176.49152 > 217.89.29.22.49153: 
    BCM-LI-SHIM: direction ingress, pkt-type undecided, pkt-subtype double VLAN tag, li-id 66666
    unknown payload
   30  07:58:31.941428 IP (tos 0x2,ECT(0), ttl 59, id 0, offset 0, flags [none], proto UDP (17), length 85)
    217.89.30.176.49152 > 217.89.29.22.49153: 
    BCM-LI-SHIM: direction ingress, pkt-type undecided, pkt-subtype double VLAN tag, li-id 66666
    IP (tos 0x0, ttl 64, id 51729, offset 0, flags [DF], proto TCP (6), length 53)
    9.182.64.0.51344 > 217.89.31.229.50003: Flags [P.], cksum 0x9a07 (correct), seq 176:177, ack 5, win 511, options [nop,nop,TS val 3167230542 ecr 1713100292], length 1
   31  07:58:31.943351 IP (tos 0x2,ECT(0), ttl 59, id 0, offset 0, flags [none], proto UDP (17), length 115)
    217.89.30.176.49152 > 217.89.29.22.49153: 
    BCM-LI-SHIM: direction egress, pkt-type ethernet, pkt-subtype double VLAN tag, li-id 66666
    PPPoE  [ses 0xc3] IP (tos 0x0, ttl 60, id 58016, offset 0, flags [DF], proto TCP (6), length 53)
    217.89.31.229.50003 > 9.182.64.0.51344: Flags [P.], cksum 0x6bba (correct), seq 5:6, ack 177, win 59, options [nop,nop,TS val 1713110292 ecr 3167230542], length 1
   32  07:58:31.943375 IP (tos 0x2,ECT(0), ttl 59, id 0, offset 0, flags [none], proto UDP (17), length 84)
    217.89.30.176.49152 > 217.89.29.22.49153: 
    BCM-LI-SHIM: direction ingress, pkt-type undecided, pkt-subtype double VLAN tag, li-id 66666
    IP (tos 0x0, ttl 64, id 51730, offset 0, flags [DF], proto TCP (6), length 52)
    9.182.64.0.51344 > 217.89.31.229.50003: Flags [.], cksum 0x76fc (correct), ack 6, win 511, options [nop,nop,TS val 3167230544 ecr 1713110292], length 0
   33  07:58:31.943457 IP (tos 0x2,ECT(0), ttl 59, id 0, offset 0, flags [none], proto UDP (17), length 88)
    217.89.30.176.49152 > 217.89.29.22.49153: 
    BCM-LI-SHIM: direction ingress, pkt-type undecided, pkt-subtype double VLAN tag, li-id 66666
    IP (tos 0x0, ttl 64, id 51731, offset 0, flags [DF], proto TCP (6), length 56)
    9.182.64.0.51344 > 217.89.31.229.50003: Flags [P.], cksum 0x75d1 (correct), seq 177:181, ack 6, win 511, options [nop,nop,TS val 3167230544 ecr 1713110292], length 4
   34  07:58:31.986337 IP (tos 0x2,ECT(0), ttl 59, id 0, offset 0, flags [none], proto UDP (17), length 114)
    217.89.30.176.49152 > 217.89.29.22.49153: 
    BCM-LI-SHIM: direction egress, pkt-type ethernet, pkt-subtype double VLAN tag, li-id 66666
    PPPoE  [ses 0xc3] IP (tos 0x0, ttl 60, id 58017, offset 0, flags [DF], proto TCP (6), length 52)
    217.89.31.229.50003 > 9.182.64.0.51344: Flags [.], cksum 0x7890 (correct), ack 181, win 59, options [nop,nop,TS val 1713110336 ecr 3167230544], length 0
   35  07:58:31.986588 IP (tos 0x2,ECT(0), ttl 59, id 0, offset 0, flags [none], proto UDP (17), length 371)
    217.89.30.176.49152 > 217.89.29.22.49153: 
    BCM-LI-SHIM: direction ingress, pkt-type undecided, pkt-subtype double VLAN tag, li-id 66666
    IP (tos 0x0, ttl 64, id 51732, offset 0, flags [DF], proto TCP (6), length 339)
    9.182.64.0.51344 > 217.89.31.229.50003: Flags [P.], cksum 0x2327 (correct), seq 181:468, ack 6, win 511, options [nop,nop,TS val 3167230588 ecr 1713110336], length 287
   36  07:58:31.987833 IP (tos 0x2,ECT(0), ttl 59, id 0, offset 0, flags [none], proto UDP (17), length 114)
    217.89.30.176.49152 > 217.89.29.22.49153: 
    BCM-LI-SHIM: direction egress, pkt-type ethernet, pkt-subtype double VLAN tag, li-id 66666
    PPPoE  [ses 0xc3] IP (tos 0x0, ttl 60, id 58018, offset 0, flags [DF], proto TCP (6), length 52)
    217.89.31.229.50003 > 9.182.64.0.51344: Flags [.], cksum 0x7741 (correct), ack 468, win 61, options [nop,nop,TS val 1713110338 ecr 3167230588], length 0
   37  07:58:31.988009 IP (tos 0x2,ECT(0), ttl 59, id 0, offset 0, flags [none], proto UDP (17), length 118)
    217.89.30.176.49152 > 217.89.29.22.49153: 
    BCM-LI-SHIM: direction egress, pkt-type ethernet, pkt-subtype double VLAN tag, li-id 66666
    PPPoE  [ses 0xc3] IP (tos 0x0, ttl 60, id 58019, offset 0, flags [DF], proto TCP (6), length 56)
    217.89.31.229.50003 > 9.182.64.0.51344: Flags [P.], cksum 0x7617 (correct), seq 6:10, ack 468, win 61, options [nop,nop,TS val 1713110338 ecr 3167230588], length 4
   38  07:58:31.988224 IP (tos 0x2,ECT(0), ttl 59, id 0, offset 0, flags [none], proto UDP (17), length 84)
    217.89.30.176.49152 > 217.89.29.22.49153: 
    BCM-LI-SHIM: direction ingress, pkt-type undecided, pkt-subtype double VLAN tag, li-id 66666
    IP (tos 0x0, ttl 64, id 51733, offset 0, flags [DF], proto TCP (6), length 52)
    9.182.64.0.51344 > 217.89.31.229.50003: Flags [.], cksum 0x757a (correct), ack 10, win 511, options [nop,nop,TS val 3167230589 ecr 1713110338], length 0
   39  07:58:31.989654 IP (tos 0x2,ECT(0), ttl 59, id 0, offset 0, flags [none], proto UDP (17), length 401)
    217.89.30.176.49152 > 217.89.29.22.49153: 
    BCM-LI-SHIM: direction egress, pkt-type ethernet, pkt-subtype double VLAN tag, li-id 66666
    PPPoE  [ses 0xc3] IP (tos 0x0, ttl 60, id 58020, offset 0, flags [DF], proto TCP (6), length 339)
    217.89.31.229.50003 > 9.182.64.0.51344: Flags [P.], cksum 0x7388 (correct), seq 10:297, ack 468, win 61, options [nop,nop,TS val 1713110339 ecr 3167230589], length 287
   40  07:58:31.989815 IP (tos 0x2,ECT(0), ttl 59, id 0, offset 0, flags [none], proto UDP (17), length 84)
    217.89.30.176.49152 > 217.89.29.22.49153: 
    BCM-LI-SHIM: direction ingress, pkt-type undecided, pkt-subtype double VLAN tag, li-id 66666
    IP (tos 0x0, ttl 64, id 51734, offset 0, flags [DF], proto TCP (6), length 52)
    9.182.64.0.51344 > 217.89.31.229.50003: Flags [.], cksum 0x745a (correct), ack 297, win 509, options [nop,nop,TS val 3167230591 ecr 1713110339], length 0
   41  07:58:31.990893 IP (tos 0x2,ECT(0), ttl 59, id 0, offset 0, flags [none], proto UDP (17), length 85)
    217.89.30.176.49152 > 217.89.29.22.49153: 
    BCM-LI-SHIM: direction ingress, pkt-type undecided, pkt-subtype double VLAN tag, li-id 66666
    IP (tos 0x0, ttl 64, id 51735, offset 0, flags [DF], proto TCP (6), length 53)
    9.182.64.0.51344 > 217.89.31.229.50003: Flags [P.], cksum 0x6451 (correct), seq 468:469, ack 297, win 509, options [nop,nop,TS val 3167230591 ecr 1713110339], length 1
   42  07:58:31.990899 IP (tos 0x2,ECT(0), ttl 59, id 0, offset 0, flags [none], proto UDP (17), length 84)
    217.89.30.176.49152 > 217.89.29.22.49153: 
    BCM-LI-SHIM: direction ingress, pkt-type undecided, pkt-subtype double VLAN tag, li-id 66666
    IP (tos 0x0, ttl 64, id 51736, offset 0, flags [DF], proto TCP (6), length 52)
    9.182.64.0.51344 > 217.89.31.229.50003: Flags [F.], cksum 0x7458 (correct), seq 469, ack 297, win 509, options [nop,nop,TS val 3167230591 ecr 1713110339], length 0
   43  07:58:31.992738 IP (tos 0x2,ECT(0), ttl 59, id 0, offset 0, flags [none], proto UDP (17), length 114)
    217.89.30.176.49152 > 217.89.29.22.49153: 
    BCM-LI-SHIM: direction egress, pkt-type ethernet, pkt-subtype double VLAN tag, li-id 66666
    PPPoE  [ses 0xc3] IP (tos 0x0, ttl 60, id 58021, offset 0, flags [DF], proto TCP (6), length 52)
    217.89.31.229.50003 > 9.182.64.0.51344: Flags [F.], cksum 0x7614 (correct), seq 297, ack 470, win 61, options [nop,nop,TS val 1713110342 ecr 3167230591], length 0
   44  07:58:31.992745 IP (tos 0x2,ECT(0), ttl 59, id 0, offset 0, flags [none], proto UDP (17), length 84)
    217.89.30.176.49152 > 217.89.29.22.49153: 
    BCM-LI-SHIM: direction ingress, pkt-type undecided, pkt-subtype double VLAN tag, li-id 66666
    IP (tos 0x0, ttl 64, id 51737, offset 0, flags [DF], proto TCP (6), length 52)
    9.182.64.0.51344 > 217.89.31.229.50003: Flags [.], cksum 0x7451 (correct), ack 298, win 509, options [nop,nop,TS val 3167230594 ecr 1713110342], length 0
   45  07:58:39.024283 IP (tos 0x2,ECT(0), ttl 59, id 0, offset 0, flags [none], proto UDP (17), length 98)
    217.89.30.176.49152 > 217.89.29.22.49153: 
    BCM-LI-SHIM: direction ingress, pkt-type undecided, pkt-subtype double VLAN tag, li-id 66666
    IP (tos 0x0, ttl 64, id 58211, offset 0, flags [DF], proto UDP (17), length 66)
    9.182.64.0.48091 > 217.89.31.49.53: 45741+ A? iperf3.xlab.t-iot.de. (38)
   46  07:58:39.024389 IP (tos 0x2,ECT(0), ttl 59, id 0, offset 0, flags [none], proto UDP (17), length 98)
    217.89.30.176.49152 > 217.89.29.22.49153: 
    BCM-LI-SHIM: direction ingress, pkt-type undecided, pkt-subtype double VLAN tag, li-id 66666
    IP (tos 0x0, ttl 64, id 58212, offset 0, flags [DF], proto UDP (17), length 66)
    9.182.64.0.48091 > 217.89.31.49.53: 27076+ AAAA? iperf3.xlab.t-iot.de. (38)
   47  07:58:39.026369 IP (tos 0x2,ECT(0), ttl 59, id 0, offset 0, flags [none], proto UDP (17), length 205)
    217.89.30.176.49152 > 217.89.29.22.49153: 
    BCM-LI-SHIM: direction egress, pkt-type ethernet, pkt-subtype double VLAN tag, li-id 66666
    PPPoE  [ses 0xc3] IP (tos 0x0, ttl 60, id 25040, offset 0, flags [none], proto UDP (17), length 143)
    217.89.31.49.53 > 9.182.64.0.48091: 45741* 1/1/2 iperf3.xlab.t-iot.de. A 217.89.31.229 (115)
   48  07:58:39.026394 IP (tos 0x2,ECT(0), ttl 59, id 0, offset 0, flags [none], proto UDP (17), length 217)
    217.89.30.176.49152 > 217.89.29.22.49153: 
    BCM-LI-SHIM: direction egress, pkt-type ethernet, pkt-subtype double VLAN tag, li-id 66666
    PPPoE  [ses 0xc3] IP (tos 0x0, ttl 60, id 25041, offset 0, flags [none], proto UDP (17), length 155)
    217.89.31.49.53 > 9.182.64.0.48091: 27076* 1/1/2 iperf3.xlab.t-iot.de. AAAA 2003:4:f007:a01a:217:89:31:229 (127)
   49  07:58:39.027060 IP (tos 0x2,ECT(0), ttl 59, id 0, offset 0, flags [none], proto UDP (17), length 116)
    217.89.30.176.49152 > 217.89.29.22.49153: 
    BCM-LI-SHIM: direction ingress, pkt-type undecided, pkt-subtype double VLAN tag, li-id 66666
    IP (tos 0x0, ttl 64, id 32748, offset 0, flags [DF], proto ICMP (1), length 84)
    9.182.64.0 > 217.89.31.229: ICMP echo request, id 10671, seq 1, length 64
   50  07:58:39.028124 IP (tos 0x2,ECT(0), ttl 59, id 0, offset 0, flags [none], proto UDP (17), length 146)
    217.89.30.176.49152 > 217.89.29.22.49153: 
    BCM-LI-SHIM: direction egress, pkt-type ethernet, pkt-subtype double VLAN tag, li-id 66666
    PPPoE  [ses 0xc3] IP (tos 0x0, ttl 60, id 20005, offset 0, flags [none], proto ICMP (1), length 84)
    217.89.31.229 > 9.182.64.0: ICMP echo reply, id 10671, seq 1, length 64
   51  07:58:39.028667 IP (tos 0x2,ECT(0), ttl 59, id 0, offset 0, flags [none], proto UDP (17), length 104)
    217.89.30.176.49152 > 217.89.29.22.49153: 
    BCM-LI-SHIM: direction ingress, pkt-type undecided, pkt-subtype double VLAN tag, li-id 66666
    IP (tos 0x0, ttl 64, id 58213, offset 0, flags [DF], proto UDP (17), length 72)
    9.182.64.0.33490 > 217.89.31.49.53: 58760+ PTR? 229.31.89.217.in-addr.arpa. (44)
   52  07:58:39.030411 IP (tos 0x2,ECT(0), ttl 59, id 0, offset 0, flags [none], proto UDP (17), length 229)
    217.89.30.176.49152 > 217.89.29.22.49153: 
    BCM-LI-SHIM: direction egress, pkt-type ethernet, pkt-subtype double VLAN tag, li-id 66666
    PPPoE  [ses 0xc3] IP (tos 0x0, ttl 60, id 25042, offset 0, flags [none], proto UDP (17), length 167)
    217.89.31.49.53 > 9.182.64.0.33490: 58760* 1/1/2 229.31.89.217.in-addr.arpa. PTR iperf3.xlab.t-iot.de. (139)
   53  07:58:40.029018 IP (tos 0x2,ECT(0), ttl 59, id 0, offset 0, flags [none], proto UDP (17), length 116)
    217.89.30.176.49152 > 217.89.29.22.49153: 
    BCM-LI-SHIM: direction ingress, pkt-type undecided, pkt-subtype double VLAN tag, li-id 66666
    IP (tos 0x0, ttl 64, id 32947, offset 0, flags [DF], proto ICMP (1), length 84)
    9.182.64.0 > 217.89.31.229: ICMP echo request, id 10671, seq 2, length 64
   54  07:58:40.030624 IP (tos 0x2,ECT(0), ttl 59, id 0, offset 0, flags [none], proto UDP (17), length 146)
    217.89.30.176.49152 > 217.89.29.22.49153: 
    BCM-LI-SHIM: direction egress, pkt-type ethernet, pkt-subtype double VLAN tag, li-id 66666
    PPPoE  [ses 0xc3] IP (tos 0x0, ttl 60, id 20253, offset 0, flags [none], proto ICMP (1), length 84)
    217.89.31.229 > 9.182.64.0: ICMP echo reply, id 10671, seq 2, length 64
   55  07:58:41.029333 IP (tos 0x2,ECT(0), ttl 59, id 0, offset 0, flags [none], proto UDP (17), length 116)
    217.89.30.176.49152 > 217.89.29.22.49153: 
    BCM-LI-SHIM: direction ingress, pkt-type undecided, pkt-subtype double VLAN tag, li-id 66666
    IP (tos 0x0, ttl 64, id 33164, offset 0, flags [DF], proto ICMP (1), length 84)
    9.182.64.0 > 217.89.31.229: ICMP echo request, id 10671, seq 3, length 64
   56  07:58:41.031600 IP (tos 0x2,ECT(0), ttl 59, id 0, offset 0, flags [none], proto UDP (17), length 146)
    217.89.30.176.49152 > 217.89.29.22.49153: 
    BCM-LI-SHIM: direction egress, pkt-type ethernet, pkt-subtype double VLAN tag, li-id 66666
    PPPoE  [ses 0xc3] IP (tos 0x0, ttl 60, id 20265, offset 0, flags [none], proto ICMP (1), length 84)
    217.89.31.229 > 9.182.64.0: ICMP echo reply, id 10671, seq 3, length 64
   57  07:58:42.031874 IP (tos 0x2,ECT(0), ttl 59, id 0, offset 0, flags [none], proto UDP (17), length 116)
    217.89.30.176.49152 > 217.89.29.22.49153: 
    BCM-LI-SHIM: direction ingress, pkt-type undecided, pkt-subtype double VLAN tag, li-id 66666
    IP (tos 0x0, ttl 64, id 33200, offset 0, flags [DF], proto ICMP (1), length 84)
    9.182.64.0 > 217.89.31.229: ICMP echo request, id 10671, seq 4, length 64
   58  07:58:42.033340 IP (tos 0x2,ECT(0), ttl 59, id 0, offset 0, flags [none], proto UDP (17), length 146)
    217.89.30.176.49152 > 217.89.29.22.49153: 
    BCM-LI-SHIM: direction egress, pkt-type ethernet, pkt-subtype double VLAN tag, li-id 66666
    PPPoE  [ses 0xc3] IP (tos 0x0, ttl 60, id 20350, offset 0, flags [none], proto ICMP (1), length 84)
    217.89.31.229 > 9.182.64.0: ICMP echo reply, id 10671, seq 4, length 64
   59  07:58:43.033048 IP (tos 0x2,ECT(0), ttl 59, id 0, offset 0, flags [none], proto UDP (17), length 116)
    217.89.30.176.49152 > 217.89.29.22.49153: 
    BCM-LI-SHIM: direction ingress, pkt-type undecided, pkt-subtype double VLAN tag, li-id 66666
    IP (tos 0x0, ttl 64, id 33423, offset 0, flags [DF], proto ICMP (1), length 84)
    9.182.64.0 > 217.89.31.229: ICMP echo request, id 10671, seq 5, length 64
   60  07:58:43.034662 IP (tos 0x2,ECT(0), ttl 59, id 0, offset 0, flags [none], proto UDP (17), length 146)
    217.89.30.176.49152 > 217.89.29.22.49153: 
    BCM-LI-SHIM: direction egress, pkt-type ethernet, pkt-subtype double VLAN tag, li-id 66666
    PPPoE  [ses 0xc3] IP (tos 0x0, ttl 60, id 20439, offset 0, flags [none], proto ICMP (1), length 84)
    217.89.31.229 > 9.182.64.0: ICMP echo reply, id 10671, seq 5, length 64
   61  07:58:44.033555 IP (tos 0x2,ECT(0), ttl 59, id 0, offset 0, flags [none], proto UDP (17), length 116)
    217.89.30.176.49152 > 217.89.29.22.49153: 
    BCM-LI-SHIM: direction ingress, pkt-type undecided, pkt-subtype double VLAN tag, li-id 66666
    IP (tos 0x0, ttl 64, id 33671, offset 0, flags [DF], proto ICMP (1), length 84)
    9.182.64.0 > 217.89.31.229: ICMP echo request, id 10671, seq 6, length 64
   62  07:58:44.034828 IP (tos 0x2,ECT(0), ttl 59, id 0, offset 0, flags [none], proto UDP (17), length 146)
    217.89.30.176.49152 > 217.89.29.22.49153: 
    BCM-LI-SHIM: direction egress, pkt-type ethernet, pkt-subtype double VLAN tag, li-id 66666
    PPPoE  [ses 0xc3] IP (tos 0x0, ttl 60, id 20496, offset 0, flags [none], proto ICMP (1), length 84)
    217.89.31.229 > 9.182.64.0: ICMP echo reply, id 10671, seq 6, length 64
   63  07:58:45.035245 IP (tos 0x2,ECT(0), ttl 59, id 0, offset 0, flags [none], proto UDP (17), length 116)
    217.89.30.176.49152 > 217.89.29.22.49153: 
    BCM-LI-SHIM: direction ingress, pkt-type undecided, pkt-subtype double VLAN tag, li-id 66666
    IP (tos 0x0, ttl 64, id 33820, offset 0, flags [DF], proto ICMP (1), length 84)
    9.182.64.0 > 217.89.31.229: ICMP echo request, id 10671, seq 7, length 64
   64  07:58:45.037339 IP (tos 0x2,ECT(0), ttl 59, id 0, offset 0, flags [none], proto UDP (17), length 146)
    217.89.30.176.49152 > 217.89.29.22.49153: 
    BCM-LI-SHIM: direction egress, pkt-type ethernet, pkt-subtype double VLAN tag, li-id 66666
    PPPoE  [ses 0xc3] IP (tos 0x0, ttl 60, id 20743, offset 0, flags [none], proto ICMP (1), length 84)
    217.89.31.229 > 9.182.64.0: ICMP echo reply, id 10671, seq 7, length 64
   65  07:58:46.037016 IP (tos 0x2,ECT(0), ttl 59, id 0, offset 0, flags [none], proto UDP (17), length 116)
    217.89.30.176.49152 > 217.89.29.22.49153: 
    BCM-LI-SHIM: direction ingress, pkt-type undecided, pkt-subtype double VLAN tag, li-id 66666
    IP (tos 0x0, ttl 64, id 33862, offset 0, flags [DF], proto ICMP (1), length 84)
    9.182.64.0 > 217.89.31.229: ICMP echo request, id 10671, seq 8, length 64
   66  07:58:46.038606 IP (tos 0x2,ECT(0), ttl 59, id 0, offset 0, flags [none], proto UDP (17), length 146)
    217.89.30.176.49152 > 217.89.29.22.49153: 
    BCM-LI-SHIM: direction egress, pkt-type ethernet, pkt-subtype double VLAN tag, li-id 66666
    PPPoE  [ses 0xc3] IP (tos 0x0, ttl 60, id 20757, offset 0, flags [none], proto ICMP (1), length 84)
    217.89.31.229 > 9.182.64.0: ICMP echo reply, id 10671, seq 8, length 64
   67  07:58:47.038464 IP (tos 0x2,ECT(0), ttl 59, id 0, offset 0, flags [none], proto UDP (17), length 116)
    217.89.30.176.49152 > 217.89.29.22.49153: 
    BCM-LI-SHIM: direction ingress, pkt-type undecided, pkt-subtype double VLAN tag, li-id 66666
    IP (tos 0x0, ttl 64, id 33934, offset 0, flags [DF], proto ICMP (1), length 84)
    9.182.64.0 > 217.89.31.229: ICMP echo request, id 10671, seq 9, length 64
   68  07:58:47.040130 IP (tos 0x2,ECT(0), ttl 59, id 0, offset 0, flags [none], proto UDP (17), length 146)
    217.89.30.176.49152 > 217.89.29.22.49153: 
    BCM-LI-SHIM: direction egress, pkt-type ethernet, pkt-subtype double VLAN tag, li-id 66666
    PPPoE  [ses 0xc3] IP (tos 0x0, ttl 60, id 20817, offset 0, flags [none], proto ICMP (1), length 84)
    217.89.31.229 > 9.182.64.0: ICMP echo reply, id 10671, seq 9, length 64
   69  07:58:48.039521 IP (tos 0x2,ECT(0), ttl 59, id 0, offset 0, flags [none], proto UDP (17), length 116)
    217.89.30.176.49152 > 217.89.29.22.49153: 
    BCM-LI-SHIM: direction ingress, pkt-type undecided, pkt-subtype double VLAN tag, li-id 66666
    IP (tos 0x0, ttl 64, id 34121, offset 0, flags [DF], proto ICMP (1), length 84)
    9.182.64.0 > 217.89.31.229: ICMP echo request, id 10671, seq 10, length 64
   70  07:58:48.041049 IP (tos 0x2,ECT(0), ttl 59, id 0, offset 0, flags [none], proto UDP (17), length 146)
    217.89.30.176.49152 > 217.89.29.22.49153: 
    BCM-LI-SHIM: direction egress, pkt-type ethernet, pkt-subtype double VLAN tag, li-id 66666
    PPPoE  [ses 0xc3] IP (tos 0x0, ttl 60, id 20978, offset 0, flags [none], proto ICMP (1), length 84)
    217.89.31.229 > 9.182.64.0: ICMP echo reply, id 10671, seq 10, length 64
   71  07:58:48.862660 IP (tos 0x2,ECT(0), ttl 59, id 0, offset 0, flags [none], proto UDP (17), length 70)
    217.89.30.176.49152 > 217.89.29.22.49153: 
    BCM-LI-SHIM: direction ingress, pkt-type undecided, pkt-subtype double VLAN tag, li-id 66666
    unknown payload
