    1  2025-10-02 15:11:32.151342 IP6 (hlim 64, next-header UDP (17), payload length 0) [real length 80122, presumed BIG TCP] 2604:1380:4091:ce00::d.52238 > 2604:1380:4091:ce00::b.4789: [bad udp cksum 0xc928 -> 0xf351!] VXLAN, flags [I] (0x08), vni 5001
IP (tos 0x0, ttl 64, id 57048, offset 0, flags [DF], proto TCP (6), length 80052 [was 0, presumed TSO])
    192.168.1.1.41873 > 192.168.1.2.38131: Flags [P.], cksum 0xbbfb (incorrect -> 0xe29f), seq 2347745286:2347825286, ack 3538766307, win 2495, options [nop,nop,TS val 808948535 ecr 3624901279], length 80000
