    1  2018-10-26 11:19:08.826971 IP6 (flowlabel 0xd92bc, hlim 1, next-header UDP (17) payload length: 112) fe80::7e39:bc67:f367:8def.546 > ff02::1:2.547: [udp sum ok] dhcp6 renew (xid=9f56b (client-ID uuid a256e92e40abd0d2a3ab3b3ff2ff8998) (server-ID hwaddr type 1 a021b7e0d871) (option-request DNS-server DNS-search-list DNS-server DNS-search-list client-ID) (elapsed-time 0) (IA_NA IAID:971445380 T1:3600 T2:5400 (IA_ADDR 2a02:2788:7c8:4dd:4a5b:39ff:fee7:1484 pltime:7200 vltime:7500)))
    2  2018-10-26 11:19:08.827665 IP6 (hlim 128, next-header UDP (17) payload length: 140) fe80::a221:b7ff:fee0:d871.547 > fe80::7e39:bc67:f367:8def.546: [udp sum ok] dhcp6 reply (xid=9f56b (client-ID uuid a256e92e40abd0d2a3ab3b3ff2ff8998) (IA_NA IAID:971445380 T1:15 T2:45 (IA_ADDR 2a02:2788:7c8:4dd:4a5b:39ff:fee7:1484 pltime:30 vltime:60)) (DNS-server 2a02:2788:fff0:7::3 2a02:2788:fff0:5::140) (DNS-search-list voo.be.) (server-ID hwaddr type 1 a021b7e0d871))
