    1  18:31:55.600983 IP 127.0.0.1.59347 > 127.0.0.1.53: 44845+ [1au] URI? _http.dns.test. (55)
    2  18:31:55.601140 IP 127.0.0.1.53 > 127.0.0.1.59347: 44845* 1/0/1 URI 10 5 http://www.dns.test:8000 (83)
    3  18:31:57.245707 IP 127.0.0.1.37251 > 127.0.0.1.53: 25957+ [1au] URI? _ftp.dns.test. (54)
    4  18:31:57.245858 IP 127.0.0.1.53 > 127.0.0.1.37251: 25957 NXDomain* 0/1/1 (101)
