    1  22:21:39.544060 00:50:b6:29:10:70 > d6:c5:28:21:3e:af, Marvell DSA mode Forward, dev 0, port 1, untagged, VID 0, FPri 0, ethertype IPv4 (0x0800), length 102: 192.168.30.1 > 192.168.30.2: ICMP echo request, id 13586, seq 1, length 64
    2  22:21:39.544382 d6:c5:28:21:3e:af > 00:50:b6:29:10:70, Marvell DSA mode From CPU, target dev 0, port 1, untagged, VID 0, FPri 0, ethertype IPv4 (0x0800), length 102: 192.168.30.2 > 192.168.30.1: ICMP echo reply, id 13586, seq 1, length 64
    3  22:21:40.563126 00:50:b6:29:10:70 > d6:c5:28:21:3e:af, Marvell DSA mode Forward, dev 0, port 1, untagged, VID 0, FPri 0, ethertype IPv4 (0x0800), length 102: 192.168.30.1 > 192.168.30.2: ICMP echo request, id 13586, seq 2, length 64
    4  22:21:40.563252 d6:c5:28:21:3e:af > 00:50:b6:29:10:70, Marvell DSA mode From CPU, target dev 0, port 1, untagged, VID 0, FPri 0, ethertype IPv4 (0x0800), length 102: 192.168.30.2 > 192.168.30.1: ICMP echo reply, id 13586, seq 2, length 64
    5  22:21:41.576445 00:50:b6:29:10:70 > d6:c5:28:21:3e:af, Marvell DSA mode Forward, dev 0, port 1, untagged, VID 0, FPri 0, ethertype IPv4 (0x0800), length 102: 192.168.30.1 > 192.168.30.2: ICMP echo request, id 13586, seq 3, length 64
    6  22:21:41.576541 d6:c5:28:21:3e:af > 00:50:b6:29:10:70, Marvell DSA mode From CPU, target dev 0, port 1, untagged, VID 0, FPri 0, ethertype IPv4 (0x0800), length 102: 192.168.30.2 > 192.168.30.1: ICMP echo reply, id 13586, seq 3, length 64
    7  22:21:44.560086 d6:c5:28:21:3e:af > 00:50:b6:29:10:70, Marvell DSA mode From CPU, target dev 0, port 1, untagged, VID 0, FPri 0, ethertype ARP (0x0806), length 46: Request who-has 192.168.30.1 tell 192.168.30.2, length 28
    8  22:21:44.560415 00:50:b6:29:10:70 > d6:c5:28:21:3e:af, Marvell DSA mode Forward, dev 0, port 1, untagged, VID 0, FPri 0, ethertype ARP (0x0806), length 64: Reply 192.168.30.1 is-at 00:50:b6:29:10:70, length 46
