    1  2022-03-21 10:31:03.250708 IP (tos 0x0, ttl 2, id 0, offset 0, flags [DF], proto UDP (17), length 116)
    192.168.100.254.62974 > 192.168.100.3.6081: [no cksum] Geneve, Flags [none], vni 0x0, options [class Google (0x132) type 0x1 len 8 data 800000d1, class Google (0x132) type 0x2 len 20 data 0800000d c0a86402 00000000 00000000, class Google (0x132) type 0x3 len 12 data 00000000 00001234]
	IP (tos 0x0, ttl 64, id 55620, offset 0, flags [none], proto TCP (6), length 40)
    192.168.100.2.2905 > 192.168.100.1.8080: Flags [none], cksum 0xf547 (correct), seq 760929856, [ack 2028584922 != 0 while ACK flag not set], win 512, length 0
