    1  13:40:51.929516 IP6 2001:630:42:110:2a0:98ff:fe15:ece7 > 2001:630:42:110:ae1f:6bff:fe46:9eda: ICMP6, parameter problem, incomplete header chain - octet 48, length 72
