    1  01:34:11.385215 IP 129.170.249.126.500 > 129.170.249.87.500: isakmp: phase 1 ? base
