    1  2025-07-09 05:59:39.284233 IP6  [version 4 != 6] (invalid)
