    1  02:02:44.201747 Loopback, skipCount 0, Forward Data, forwarding address aa:00:04:00:1d:04, data (44 octets)
    2  02:02:44.202162 Loopback, skipCount 8, Reply, receipt number 1, data (40 octets)
    3  02:02:44.202580 Loopback, skipCount 0, Forward Data, forwarding address aa:00:04:00:6a:04, data (60 octets)
    4  02:02:44.256740 Loopback, skipCount 8, Forward Data, forwarding address aa:00:04:00:69:04, data (52 octets)
    5  02:02:44.310909 Loopback, skipCount 16, Forward Data, forwarding address aa:00:04:00:1d:04, data (44 octets)
    6  02:02:44.311530 Loopback, skipCount 24, Reply, receipt number 2, data (40 octets)
