    1  14:20:57.267689 2e:b7:3f:39:95:c3 > 3e:6f:f3:74:23:7c, ethertype 802.1AE MACsec (0x88e5), length 130: an 0, pn 68, flags I, sci 2eb73f3995c30001, ethertype IPv4 (0x0800), 192.168.113.1 > 192.168.113.2: ICMP echo request, id 948, seq 1, length 64
