    1  15:02:25.894083 00:0c:85:0e:a5:ff > 00:00:0c:07:ac:f0, ethertype IPv4 (0x0800), length 92: (tos 0x0, ttl 127, id 38615, offset 0, flags [none], proto UDP (17), length 78)
    10.49.248.228.137 > 10.48.161.241.137: UDP, length 50
