    1  23:13:40.394208 NSH, flags [none], service-path-id 0x000309, service-index 0x7: IP 10.0.8.3.52229 > 10.13.13.13.8000: UDP, length 6
