    1  20:31:09.16721442 IPCP, Conf-Nack (0x03), id 128, length 58454
	encoded length 8451 (=Option(s) length 8447)
	  IP-Comp Option (0x02), length 218: IP Header Compression (0x61):
	    TCP Space 24929, non-TCP Space 24929, maxPeriod 25441, maxTime 24929, maxHdr 24953
	      Suboptions, length 204
		Unknown Suboption #220, length 220 [remaining suboptions length 204 < 220] (invalid)
	  unknown Option (0x7b), length 123
	    0x0000:  7b7b 7b7b 7b7b 7b7b 7b7b 7b7b 7b7b 7b7b
	    0x0010:  7b7b 7b7b 7b7b 7b7b 7b7b 7b7b 7b7b 7b7b
	    0x0020:  7b7b 7b7b 7b7b 7b7b 7b7b 7b7b 7b7b 7b7b
	    0x0030:  7b7b 7b7b 7b7b 7b7b 7b7b 7b7b 7b7b 7b7b
	    0x0040:  7b7b 7b7b 7b7b 7b7b 7b7b 7b7b 7b7b 7b7b
	    0x0050:  7b7b 7b7b 7b7b 7b7b 7b7b 7b7b 7b7b 7b7b
	    0x0060:  7b7b 7b7b 7b7b 7b7b 7b7b 7b7b 7b7b 7b7b
	    0x0070:  7b7b 7b7b 7b7b 7b7b 7b
	  unknown Option (0x7b), length 123
	    0x0000:  7b7b 7b7b 7b7b 7b7b 7b7b 7b7b 7b7b 7b7b
	    0x0010:  7b7b 7b7b 7b7b 7b7b 7b7b 7b7b 7b7b 7b7b
	    0x0020:  7b7b 7b7b 7b7b 7b7b 7b7b 7b7b 7b7b 7b7b
	    0x0030:  7b7b 7b7b 7b7b 7b7b 7b7b 7b7b 7b7b 7b7b
	    0x0040:  7b7b 7b7b 7b7b 7b7b 7b7b 7b7b 7b7b 7b7b
	    0x0050:  7b7b 7b7b 7b7b 7b7b 7b7b 7b7b 7b7b 7b7b
	    0x0060:  7b7b 7b7b 7b7b 7b7b 7b7b 7b7b 7b7b 7b7b
	    0x0070:  7b7b 7b7b 7b7b 7b7b 7b
	  unknown Option (0x7b), length 123
	    0x0000:  7b7b 7b7b 7b7b 7b7b 7b7b 7b7b 7b7b 7b7b
	    0x0010:  7b7b 7b7b 7b7b 7b7b 7b7b 7b7b 7b7b 7b7b
	    0x0020:  7b7b 7b7b 7b7b 7b7b 7b7b 7b7b 7b7b 7b7b
	    0x0030:  7b7b 7b7b 7b7b 7b7b 7b7b 7b7b 7b7b 7b7b
	    0x0040:  7b7b 7b7b 7b7b 7b7b 7b7b 7b7b 7b7b 7b7b
	    0x0050:  7b7b 7b7b 7b7b 7b7b 7b7b 7b7b 7b7b 7b7b
	    0x0060:  7b7b 7b7b 7b7b 7b7b 7b7b 7b7b 7b7b 7b7b
	    0x0070:  7b7b 7b7b 7b7b 7b7b 7b
	  unknown Option (0x7b), length 123
	    0x0000:  7b7b 7b7b 7b7b 7b7b 7b7b 7b7b 7b7b 7b7b
	    0x0010:  7b7b 7b7b 7b7b 7b7b 7b7b 7b7b 7b7b 7b7b
	    0x0020:  7b7b 7b7b 7b7b 7b7b 7b7b 7b7b 7b7b 7b7b
	    0x0030:  7b7b 7b7b 7b7b 7b7b 7b7b 7b7b 7b7b 7b7b
	    0x0040:  7b7b 7b7b 7b7b 7b7b 7b7b 7b7b 7b7b 7b7b
	    0x0050:  7b7b 7b7b 7b7b 7b7b 7b7b 7b7b 7b7b 7b7b
	    0x0060:  7b7b 7b7b 7b7b 7b7b 7b7b 7b7b 7b7b 7b7b
	    0x0070:  7b7b 7b7b 7b7b 7b7b 7b
	  unknown Option (0x7b), length 123
	    0x0000:  7b7b 7b7b 7b7b 7b7b 7b7b 7b7b 7b7b 7b7b
	    0x0010:  7b7b 7b7b 7b7b 7b7b 7b7b 7b7b 7b7b 7b7b
	    0x0020:  7b7b 7b7b 7b7b 7b7b 7b7b 7b7b 7b7b 7b7b
	    0x0030:  7b7b 7b7b 7b7b 7b7b 7b7b 7b7b 7b7b 7b7b
	    0x0040:  7b7b 7b7b 7b7b 7b7b 7b7b 7b7b 7b7b 7b7b
	    0x0050:  7b7b 7b7b 7b7b 7b7b 7b7b 7b7b 7b7b 7b7b
	    0x0060:  7b7b 7b7b 7b7b 7b7b 7b7b 7b7b 7b7b 7b7b
	    0x0070:  7b7b 7b7b 7b7b 7b7b 7b
	  unknown Option (0x7b), length 123
	    0x0000:  7b7b 7b7b 7b7b 7b7b 7b7b 7b7b 7b7b 7b7b
	    0x0010:  7b7b 7b7b 7b7b 7b7b 7b7b 7b7b 7b7b 7b7b
	    0x0020:  7b7b 7b7b 7b7b 7b7b 7b7b 7b7b 7b12 1212
	    0x0030:  1212 1212 1212 1212 1212 1212 1212 1212
	    0x0040:  1212 1212 1212 1212 1212 1212 1212 1212
	    0x0050:  1212 1212 1212 1212 1212 1212 1212 1212
	    0x0060:  1212 1212 1212 1212 1212 1212 1212 1212
	    0x0070:  1212 1212 1212 1212 12
	  unknown Option (0x12), length 18
	    0x0000:  1212 1212 1212 1212 1212 1212 1212 1212
	  unknown Option (0x12), length 18
	    0x0000:  1212 1212 1212 1212 1212 1212 1212 1212
	  unknown Option (0x12), length 18
	    0x0000:  1212 1212 1212 1212 1212 1212 121d 1212
	  unknown Option (0x12), length 18
	    0x0000:  1212 1212 1212 1212 1212 1212 2c12 1212
	  unknown Option (0x12), length 18
	    0x0000:  1212 1212 1212 1212 1212 1212 1212 1212
	  unknown Option (0x12), length 18
	    0x0000:  1212 1212 1212 1212 1212 1212 1212 1212
	  unknown Option (0x12), length 18
	    0x0000:  1212 1212 1212 1212 1212 1212 1212 1212
	  unknown Option (0x12), length 18
	    0x0000:  1212 1212 1212 1212 1212 1212 1212 1212
	  unknown Option (0x12), length 18
	    0x0000:  1212 1212 1212 1212 1212 1212 1212 1212
	  unknown Option (0x12), length 18
	    0x0000:  1212 1212 1212 1212 1212 1212 1212 1212
	  unknown Option (0x12), length 18
	    0x0000:  1212 1212 1212 1212 1212 1212 1212 1212
	  unknown Option (0x12), length 18
	    0x0000:  1212 1212 1212 1212 1212 1212 1212 1212
	  unknown Option (0x12), length 18
	    0x0000:  1212 1212 1212 1212 1212 1212 1212 1212
	  unknown Option (0x12), length 18
	    0x0000:  1212 1212 1212 1212 1212 1212 1212 1212
	  unknown Option (0x12), length 18
	    0x0000:  1212 1212 1212 1212 1212 1212 1212 1212
	  unknown Option (0x12), length 18
	    0x0000:  1212 1212 1212 1212 1212 1212 1212 1212
	  unknown Option (0x12), length 18
	    0x0000:  1212 1212 1212 1212 1212 1212 1212 1212
	  unknown Option (0x12), length 18
	    0x0000:  1212 1212 1212 1212 1212 1212 1212 1212
	  unknown Option (0x12), length 18
	    0x0000:  1212 1212 1212 1212 1212 1212 1212 1212
	  unknown Option (0x12), length 18
	    0x0000:  1212 1212 1212 1212 1212 1212 1212 1212
	  unknown Option (0x12), length 18
	    0x0000:  1212 1212 1212 1212 1212 1212 1212 1212
	  unknown Option (0x12), length 18
	    0x0000:  1212 1212 1212 1212 1212 1212 1212 1212
	  unknown Option (0x12), length 18
	    0x0000:  1212 1212 1212 1212 1212 1212 1212 1212
	  unknown Option (0x12), length 18
	    0x0000:  1212 1212 1212 1212 1212 1212 1212 1212
	  unknown Option (0x12), length 18
	    0x0000:  1212 1212 1212 1212 1212 1212 1212 1212
	  unknown Option (0x12), length 18
	    0x0000:  1212 1212 1212 1212 1212 1212 1212 1200
	  unknown Option (0x00), length 4
	    0x0000:  1212
	  unknown Option (0x12), length 18
	    0x0000:  1212 1212 1212 1212 1212 1212 1212 1212
	  unknown Option (0x12), length 18
	    0x0000:  1212 1212 1212 1212 1212 1212 1212 1212
	  unknown Option (0x12), length 18
	    0x0000:  1212 1212 1212 1212 1212 3d12 1212 1212
	  unknown Option (0x12), length 18
	    0x0000:  1212 1212 1212 1212 1212 1212 1212 1212
	  unknown Option (0x12), length 18
	    0x0000:  1212 1212 1212 1212 1212 1212 1212 1212
	  unknown Option (0x12), length 18
	    0x0000:  1212 1212 1212 1212 1212 1212 1212 1212
	  unknown Option (0x12), length 18
	    0x0000:  1212 1212 1210 1212 1212 1212 1212 1212
	  unknown Option (0x12), length 18
	    0x0000:  1212 1212 1212 1212 1212 1212 1212 1212
	  unknown Option (0x12), length 18
	    0x0000:  1212 1212 1212 1212 1212 1212 1212 1212
	  unknown Option (0x12), length 18
	    0x0000:  1212 1212 1212 1212 1212 1212 1212 1212
	  unknown Option (0x12), length 18
	    0x0000:  1212 1212 1212 1212 1212 1212 1212 1212
	  unknown Option (0x12), length 18
	    0x0000:  1212 1212 1212 1212 1212 1212 ff12 1212
	  unknown Option (0x12), length 18
	    0x0000:  1212 1212 1212 1212 1212 1212 1212 1212
	  unknown Option (0x12), length 18
	    0x0000:  1212 1212 1212 1212 1212 1212 1212 1212
	  unknown Option (0x12), length 18
	    0x0000:  1212 1212 1212 1212 1212 1212 1212 1212
	  unknown Option (0x12), length 18
	    0x0000:  1212 1212 1212 1212 1212 1212 1212 1212
	  unknown Option (0x12), length 18
	    0x0000:  1212 1212 1212 1212 1212 1212 1212 1212
	  unknown Option (0x12), length 18
	    0x0000:  1212 1212 1212 1212 1212 1212 1212 1212
	  unknown Option (0x12), length 18
	    0x0000:  1212 1212 1212 1212 1212 1212 1212 1212
	  unknown Option (0x12), length 18
	    0x0000:  1212 1212 1212 1212 1212 1212 1212 1212
	  unknown Option (0x12), length 18
	    0x0000:  1212 1212 1212 1212 1212 1212 1212 1212
	  unknown Option (0x12), length 18
	    0x0000:  1212 1212 1212 1212 1212 1212 1212 1212
	  unknown Option (0x12), length 18
	    0x0000:  1212 1212 1212 1212 1212 1212 1212 1212
	  unknown Option (0x12), length 18
	    0x0000:  1212 1212 0000 0400 1212 1212 1212 1212
	  unknown Option (0x12), length 18
	    0x0000:  1212 1212 1212 1212 1212 1212 1212 1212
	  unknown Option (0x12), length 18
	    0x0000:  1212 1212 1212 1212 1212 1212 1212 1212
	  unknown Option (0x12), length 18
	    0x0000:  1212 1212 1212 1212 1212 1212 1212 1212
	  unknown Option (0x12), length 18
	    0x0000:  123d 1212 1212 1212 1212 1212 1212 1212
	  unknown Option (0x12), length 18
	    0x0000:  1212 1212 1212 1212 1212 1212 1212 1212
	  unknown Option (0x12), length 18
	    0x0000:  1212 1212 1212 1212 1212 1212 1212 1212
	  unknown Option (0x12), length 18
	    0x0000:  1212 1212 1212 1212 1212 1212 1212 1012
	  unknown Option (0x12), length 18
	    0x0000:  1212 1212 1212 1212 1212 1212 1212 1212
	  unknown Option (0x12), length 18
	    0x0000:  1212 1212 1212 1212 1212 1212 1212 1212
	  unknown Option (0x12), length 18
	    0x0000:  1212 1212 1212 1212 1212 1212 1212 1212
	  unknown Option (0x12), length 18
	    0x0000:  1212 1212 1212 1212 1212 1212 1212 1212
	  unknown Option (0x12), length 18
	    0x0000:  1212 1212 1212 1212 1212 1212 1212 1212
	  unknown Option (0x12), length 18
	    0x0000:  1212 1212 1212 1212 1212 1212 1212 1212
	  unknown Option (0x12), length 18
	    0x0000:  1212 1212 1212 1212 1212 1212 1212 1212
	  unknown Option (0x12), length 18
	    0x0000:  1212 1212 1212 1212 1212 1212 1212 1212
	  unknown Option (0x12), length 18
	    0x0000:  1212 1212 1212 1212 1212 1212 1212 1212
	  unknown Option (0x12), length 18
	    0x0000:  1212 1212 1212 1212 1212 1212 1212 1212
	  unknown Option (0x12), length 18
	    0x0000:  1212 1212 1212 1212 1212 1212 1212 1212
	  unknown Option (0x12), length 18
	    0x0000:  1212 1212 1212 1212 1212 1212 1212 1212
	  unknown Option (0x12), length 18
	    0x0000:  1212 1212 1212 1212 1212 1212 1212 1212
	  unknown Option (0x12), length 18
	    0x0000:  1212 1212 1212 1212 1212 1212 1212 1212
	  unknown Option (0x12), length 18
	    0x0000:  1212 1212 1212 1212 1212 1212 1212 1212
	  unknown Option (0x12), length 18
	    0x0000:  1212 1212 1212 1212 1212 1212 1212 1212
	  unknown Option (0x12), length 18
	    0x0000:  1212 1212 1212 1212 1212 1212 1212 1212
	  unknown Option (0x12), length 18
	    0x0000:  1212 1212 1212 1212 1212 1212 1212 1212
	  unknown Option (0x12), length 18
	    0x0000:  1212 1212 e6e6 e6e6 e6e6 e612 1212 1212
	  unknown Option (0x12), length 18
	    0x0000:  1212 1212 1212 1212 1212 1212 1212 1212
	  unknown Option (0x12), length 18
	    0x0000:  1212 1212 1212 1212 1212 1212 1212 1212
	  unknown Option (0x12), length 18
	    0x0000:  1212 1212 1212 1212 1212 1212 1212 1212
	  unknown Option (0x12), length 18
	    0x0000:  1212 1212 1212 1212 1212 1212 1212 1212
	  unknown Option (0x12), length 18
	    0x0000:  1212 1212 1212 1212 1212 12f6 1212 1212
	  unknown Option (0x12), length 18
	    0x0000:  1212 1212 1212 1212 1212 1212 1212 1212
	  unknown Option (0x12), length 18
	    0x0000:  1212 1212 1212 1212 1212 1212 1212 1212
	  unknown Option (0x12), length 18
	    0x0000:  1212 1212 1212 1212 1212 1212 1212 1212
	  unknown Option (0x12), length 18
	    0x0000:  1212 1212 1212 1212 1212 1212 1212 1212
	  unknown Option (0x12), length 18
	    0x0000:  1212 1212 1212 1212 1212 1212 1212 1212
	  unknown Option (0x12), length 18
	    0x0000:  1212 1212 1212 1212 1212 1212 1212 1212
	  unknown Option (0x12), length 18
	    0x0000:  1212 1212 1212 1212 1212 1212 1212 1212
	  unknown Option (0x12), length 18
	    0x0000:  1212 1212 1212 1212 1212 1212 1212 1212
	  unknown Option (0x12), length 18
	    0x0000:  1212 1212 1212 1212 1212 1212 1212 1212
	  unknown Option (0x12), length 18
	    0x0000:  11f9 1212 1212 1212 1212 1212 1212 1212
	  unknown Option (0x12), length 18
	    0x0000:  1212 1212 1212 1212 1212 1212 1212 1212
	  unknown Option (0x12), length 18
	    0x0000:  1212 1212 1212 1212 1212 1212 1212 1212
	  unknown Option (0x12), length 18
	    0x0000:  1212 1212 1212 1212 1212 1212 1212 1212
	  unknown Option (0x12), length 18
	    0x0000:  1212 1212 1212 1212 1212 1212 1212 1212
	  unknown Option (0x12), length 18
	    0x0000:  1212 1212 1212 1212 1212 1212 1212 1212
	  unknown Option (0x12), length 18
	    0x0000:  1212 1212 1212 1212 1212 1212 1212 1212
	  unknown Option (0x12), length 18
	    0x0000:  1212 1212 1212 1212 1212 1212 1212 1212
	  unknown Option (0x12), length 18
	    0x0000:  1212 1212 1212 1212 1212 1212 1212 1212
	  unknown Option (0x12), length 18
	    0x0000:  1212 1212 1212 1212 1212 1212 1212 1212
	  unknown Option (0x12), length 18
	    0x0000:  1212 1212 1212 1212 1212 1212 1212 1212
	  unknown Option (0x12), length 18
	    0x0000:  1212 1212 1212 1212 1212 1212 1212 1212
	  unknown Option (0x12), length 18
	    0x0000:  1212 1212 1212 1212 1212 1212 1212 1212
	  unknown Option (0x12), length 18
	    0x0000:  1212 1212 1212 1212 1212 1212 1212 1212
	  unknown Option (0x12), length 18
	    0x0000:  1212 1212 1212 1212 1212 1212 1212 1212
	  unknown Option (0x12), length 18
	    0x0000:  1212 1212 1212 1212 1212 1212 1212 1212
	  unknown Option (0x12), length 18
	    0x0000:  1212 1212 1212 1212 1212 1212 1212 1212
	  unknown Option (0x12), length 18
	    0x0000:  1212 1212 1212 1212 1212 1212 1212 1212
	  unknown Option (0x12), length 18
	    0x0000:  1212 1212 1212 1212 1212 1212 1212 1212
	  unknown Option (0x12), length 18
	    0x0000:  1212 1212 1212 1212 1212 1212 1212 1212
	  unknown Option (0x12), length 18
	    0x0000:  1212 1212 1212 1212 1212 1212 1212 1212
	  unknown Option (0x12), length 18
	    0x0000:  1212 1212 1212 1212 1212 1212 1212 1212
	  unknown Option (0x12), length 18
	    0x0000:  1212 1212 1212 1212 1212 1212 1212 1212
	  unknown Option (0x12), length 18
	    0x0000:  1212 1212 1212 1212 1212 1212 1212 1212
	  unknown Option (0x12), length 18
	    0x0000:  1212 1212 1212 1212 1212 1212 1212 1212
	  unknown Option (0x12), length 18
	    0x0000:  1212 1212 1212 1212 1212 1212 1212 1212
	  unknown Option (0x12), length 18
	    0x0000:  1212 1212 1212 1212 1212 1212 1212 1212
	  unknown Option (0x12), length 18
	    0x0000:  1212 1212 1212 1212 1212 1212 1212 1212
	  unknown Option (0x12), length 18
	    0x0000:  1212 1212 1212 1212 1212 1212 1212 1212
	  unknown Option (0x12), length 18
	    0x0000:  1212 1212 1212 1212 1212 1212 1212 1212
	  unknown Option (0x12), length 18
	    0x0000:  1212 1212 1212 1212 1212 1212 1212 1212
	  unknown Option (0x12), length 18
	    0x0000:  1212 1212 1212 1212 1212 1212 1212 1212
	  unknown Option (0x12), length 18
	    0x0000:  1212 1212 1212 1212 1212 1212 1212 1212
	  unknown Option (0x12), length 18
	    0x0000:  1212 1212 1212 1212 1212 1212 1212 1212
	  unknown Option (0x12), length 18
	    0x0000:  1212 1212 1212 1212 1212 1212 1212 1212
	  unknown Option (0x12), length 18
	    0x0000:  1212 1212 1212 1212 1212 1212 1212 1212
	  unknown Option (0x12), length 18
	    0x0000:  1212 1212 1212 1212 1212 1212 1212 1212
	  unknown Option (0x12), length 18
	    0x0000:  1212 1212 1212 1212 1212 1212 1212 1212
	  unknown Option (0x12), length 18
	    0x0000:  1212 1212 1212 1212 1212 1212 1212 1212
	  unknown Option (0x12), length 18
	    0x0000:  1212 1212 1212 1212 1212 1212 1212 1212
	  unknown Option (0x12), length 18
	    0x0000:  1212 1212 1212 1212 7fff 1212 1212 1212
	  unknown Option (0x12), length 18
	    0x0000:  1212 1212 1212 1212 1212 1212 1212 1212
	  unknown Option (0x12), length 18
	    0x0000:  1212 1212 1212 1212 1212 1212 1212 127f
	  unknown Option (0xff), length 18
	    0x0000:  1212 1212 1212 1212 1212 1212 1212 1212
	  unknown Option (0x12), length 18
	    0x0000:  1212 1212 1212 1212 1212 1212 1212 1212
	  unknown Option (0x12), length 18
	    0x0000:  1212 1212 1212 1212 1212 1212 1212 1212
	  unknown Option (0x12), length 18
	    0x0000:  1212 1212 1212 1212 1212 1212 1212 1212
	  unknown Option (0x12), length 18
	    0x0000:  1212 1212 1212 1212 1212 1212 1212 1212
	  unknown Option (0x12), length 18
	    0x0000:  1212 1212 1212 1212 1212 1212 1212 1212
	  unknown Option (0x12), length 18
	    0x0000:  1212 1212 1212 1212 1212 1212 1212 1212
	  unknown Option (0x12), length 18
	    0x0000:  1212 1212 1212 1212 1212 1212 1212 1212
	  unknown Option (0x12), length 18
	    0x0000:  1212 1212 1212 1212 1212 1212 1212 1212
	  unknown Option (0x12), length 18
	    0x0000:  1212 1212 1212 1212 1212 1212 1212 1212
	  unknown Option (0x12), length 18
	    0x0000:  1212 1212 1212 1212 1212 1212 1212 1212
	  unknown Option (0x12), length 18
	    0x0000:  1212 1212 1212 1212 1212 1212 1212 1212
	  unknown Option (0x12), length 18
	    0x0000:  1212 1212 1212 1212 1212 1212 1212 1212
	  unknown Option (0x12), length 18
	    0x0000:  1212 1212 1212 1212 1212 1212 1212 1212
	  unknown Option (0x12), length 18
	    0x0000:  1212 1212 1212 1212 1212 1212 1212 1212
	  unknown Option (0x12), length 18
	    0x0000:  1212 1212 1212 1212 1212 1212 1202 0012
	  unknown Option (0x12), length 18
	    0x0000:  1212 1212 1212 1212 1212 1212 1212 1212
	  unknown Option (0x12), length 18
	    0x0000:  1212 1212 1212 1212 1212 1212 1212 1212
	  unknown Option (0x12), length 18
	    0x0000:  1212 1212 1212 1212 1212 1212 1212 1212
	  unknown Option (0x12), length 18
	    0x0000:  1212 1212 1212 1212 1212 1212 1212 1212
	  unknown Option (0x12), length 18
	    0x0000:  fd12 1212 1212 1212 1212 1212 1212 1212
	  unknown Option (0x12), length 18
	    0x0000:  1212 1212 1212 1212 1212 1212 1212 1212
	  unknown Option (0x12), length 18
	    0x0000:  1212 1212 1212 1212 1212 1212 1212 1212
	  unknown Option (0x12), length 18
	    0x0000:  1212 1212 1264 0000 0012 1212 1212 1212
	  unknown Option (0x12), length 18
	    0x0000:  1212 1212 1212 1212 1212 1212 1212 1212
	  unknown Option (0x12), length 18
	    0x0000:  1212 1212 1212 1212 1212 1212 1212 1212
	  unknown Option (0x12), length 18
	    0x0000:  1212 1212 1212 1212 1212 1212 1212 1212
	  unknown Option (0x12), length 18
	    0x0000:  1212 1212 1212 1212 1212 1212 1212 1212
	  unknown Option (0x12), length 18
	    0x0000:  1212 1212 1212 1212 1212 1212 1212 1212
	  unknown Option (0x12), length 18
	    0x0000:  1212 1292 1212 1212 1212 1212 1212 1212
	  unknown Option (0x12), length 18
	    0x0000:  1212 1212 1212 1212 1212 1212 1212 1212
	  unknown Option (0x12), length 18
	    0x0000:  1212 1212 1212 1212 1212 1212 1212 1212
	  unknown Option (0x12), length 18
	    0x0000:  1212 1212 1212 1212 1212 1212 1212 1212
	  unknown Option (0x12), length 18
	    0x0000:  1212 1212 1212 1212 1212 1212 1212 1212
	  unknown Option (0x12), length 18
	    0x0000:  1212 1212 1212 1212 1212 1212 1212 1212
	  unknown Option (0x12), length 18
	    0x0000:  1212 1212 1212 1212 1212 1212 1212 1212
	  unknown Option (0x12), length 18
	    0x0000:  1212 1212 1212 1212 1212 1212 1212 1212
	  unknown Option (0x12), length 18
	    0x0000:  1212 1212 1212 1212 1212 1212 1212 1212
	  unknown Option (0x12), length 18
	    0x0000:  1212 1212 1212 1212 1212 1212 1212 1212
	  unknown Option (0x12), length 18
	    0x0000:  1212 1212 1212 1212 1212 1212 1212 1212
	  unknown Option (0x12), length 255
	    0x0000:  ffff 7f12 1212 1212 1218 1212 484d 5f43
	    0x0010:  544c 1212 1212 1212 1212 1212 1212 1212
	    0x0020:  1212 1212 1212 1212 1212 1212 1212 1212
	    0x0030:  1212 1212 1212 1212 1212 1212 1212 1212
	    0x0040:  1212 1212 1212 1212 1212 1212 1212 1212
	    0x0050:  1212 1212 1212 1212 1212 1212 1212 1212
	    0x0060:  1212 1212 1212 1212 1212 1212 1212 1212
	    0x0070:  1212 1212 1212 1212 1212 1212 1212 1212
	    0x0080:  1212 1212 1212 1212 1212 1212 1212 1212
	    0x0090:  1212 1212 1212 1212 1212 1212 1212 1212
	    0x00a0:  1212 1212 1212 1212 1212 1212 1212 1212
	    0x00b0:  1212 1212 1212 1212 1212 1212 1212 12a0
	    0x00c0:  0012 1212 1212 1212 1212 1212 1212 1212
	    0x00d0:  1212 1212 1212 1212 1212 1212 1212 1212
	    0x00e0:  1212 1212 1212 1212 1212 1212 1212 1212
	    0x00f0:  1212 1212 1212 1212 1212 1212 12
	  unknown Option (0x12), length 18
	    0x0000:  1212 1212 1212 1212 1212 1212 1212 1212
	  unknown Option (0x12), length 18
	    0x0000:  1212 1212 1212 1212 1212 1212 1212 1212
	  unknown Option (0x12), length 18
	    0x0000:  1212 1212 1212 1212 1212 1212 1212 1212
	  unknown Option (0x12), length 18
	    0x0000:  1212 1212 1212 1212 12e6 e6e6 e6e6 e6e6
	  unknown Option (0x12), length 18
	    0x0000:  1212 1212 1212 1212 1212 1212 1212 1212
	  unknown Option (0x12), length 18
	    0x0000:  1212 1212 1212 1212 1212 1212 1212 1212
	  unknown Option (0x12), length 18
	    0x0000:  1212 1212 1212 1212 1212 1212 1212 1212
	  unknown Option (0x12), length 18
	    0x0000:  1212 1212 1212 1212 1212 1212 1212 1212
	  unknown Option (0x12), length 18
	    0x0000:  1212 1212 1212 1212 1212 1212 1212 1212
	  unknown Option (0x12), length 18
	    0x0000:  1212 1212 1212 1212 1212 1212 1212 1212
	  unknown Option (0x12), length 18
	    0x0000:  1212 1212 1212 1212 1212 1212 1212 1212
	  unknown Option (0x12), length 18
	    0x0000:  1212 1212 122f 1212 1212 1212 1212 1212
	  unknown Option (0x12), length 18
	    0x0000:  1212 1212 1212 1212 1212 1212 1212 1212
	  unknown Option (0x12), length 18
	    0x0000:  1212 1212 1212 1212 1212 1212 1212 12e6
	  unknown Option (0xe6), length 230
	    0x0000:  e6e6 e6e6 e6e6 e6e6 e6e6 e6e6 e6e6 e6e6
	    0x0010:  e6e6 e6e6 e6e6 e6e6 e6e6 e6e6 e6e6 e6e6
	    0x0020:  e6e6 e6e6 e6e6 e6e6 e6e6 e6e6 e6e6 e6e6
	    0x0030:  e6e6 e6e6 e6e6 e6e6 e6e6 e6e6 e6e6 e6e6
	    0x0040:  e6e6 e6e6 e6e6 e6e6 e6e6 e6e6 e6e6 e6e6
	    0x0050:  e6e6 e6e6 e6e6 e6e6 e6e6 e6e6 e6e6 e6e6
	    0x0060:  e6e6 e6e6 e6e6 e6e6 e6e6 e6e6 e6e6 e6e6
	    0x0070:  e6e6 e6e6 e6e6 e6e6 e6e6 e6e6 e6e6 e6e6
	    0x0080:  e6e6 e6e6 e6e6 e6e6 e6e6 e6e6 e6e6 e6e6
	    0x0090:  e6e6 e6e6 e6e6 e6e6 e6e6 e6e6 e6e6 e6e6
	    0x00a0:  e6e6 e6e6 e6e6 e6e6 e6e6 e6e6 e6e6 e6e6
	    0x00b0:  e6e6 e6e6 e6e6 e6e6 e6e6 e6e6 e6e6 e6e6
	    0x00c0:  e6e6 e6e6 e6e6 e6e6 e6e6 e6e6 e6e6 e6e6
	    0x00d0:  e6e6 e6e6 e6e6 e6e6 e6e6 e6e6 e6e6 e6e6
	    0x00e0:  e6e6 e6e6
	  unknown Option (0xe6), length 230
	    0x0000:  e6e6 e6e6 e6e6 e6e6 e6e6 e6e6 e6e6 e6e6
	    0x0010:  e6e6 e6e6 e6e6 e6e6 e6e6 e6e6 e6e6 e6e6
	    0x0020:  e6e6 e6e6 e6e6 e6e6 e6e6 e6e6 e6e6 e6e6
	    0x0030:  e6e6 e6e6 e6e6 e6e6 e6e6 e6e6 e6e6 e6e6
	    0x0040:  e6e6 e6e6 e6e6 e6e6 e6e6 e6e6 e6e6 e6e6
	    0x0050:  e6e6 e6e6 e6e6 e6e6 e6e6 e6e6 e6e6 e6e6
	    0x0060:  e6e6 e6e6 e6e6 e6e6 e6e6 e6e6 e6e6 e6e6
	    0x0070:  e6e6 e6e6 e6e6 e6e6 e6e6 e6e6 e6e6 e6e6
	    0x0080:  e6e6 e6e6 e6e6 e6e6 e6e6 e6e6 e6e6 e6e6
	    0x0090:  e6e6 e6e6 e6e6 e6e6 e6e6 e6e6 e6e6 e6e6
	    0x00a0:  e6e6 e6e6 e6e6 e6e6 e6e6 e6e6 e6e6 e6e6
	    0x00b0:  e6e6 e6e6 e6e6 e6e6 e6e6 e6e6 e6e6 e6e6
	    0x00c0:  e6e6 e6e6 e6e6 e6e6 e6e6 e6e6 e6e6 e6e6
	    0x00d0:  e6e6 e6e6 e6e6 e67f ffe6 e6e6 e6e6 e6e6
	    0x00e0:  e6e6 e6e6
	  unknown Option (0xe6), length 230
	    0x0000:  e6e6 e6e6 e6e6 e6e6 e6e6 e6e6 e6e6 e6e6
	    0x0010:  e6e6 e6e6 e6e6 e6e6 e6e6 e6e6 e6e6 e6e6
	    0x0020:  e6e6 e6e6 e6e6 e6e6 e6e6 e6e6 e6e6 e6e6
	    0x0030:  e6e6 e6e6 e6e6 e6e6 e6e6 e6e6 e6e6 e6e6
	    0x0040:  e6e6 e6e6 e6e6 e6e6 e6e6 e6e6 e6e6 e6e6
	    0x0050:  e6e6 e6e6 e6e6 e6e6 e6e6 e6e6 e6e6 e6e6
	    0x0060:  e6e6 e6e6 e6e6 e6e6 e6e6 e6e6 e6e6 e6e6
	    0x0070:  e6e6 e6e6 e6e6 e6e6 e6e6 e6e6 e6e6 e6e6
	    0x0080:  e6e6 e6e6 e6e6 e6e6 e6e6 e6e6 e6e6 e6e6
	    0x0090:  e6e6 e6e6 e6e6 e6e6 e6e6 e6e6 e6e6 e6e6
	    0x00a0:  e6e6 e6e6 e6e6 e6e6 e6e6 e6e6 e6e6 e6e6
	    0x00b0:  e6e6 e6e6 e6e6 e6e6 e6e6 e6e6 e6e6 e6e6
	    0x00c0:  e6e6 e6e6 e6e6 e6e6 1212 1212 1212 1212
	    0x00d0:  1212 1212 1212 1212 1212 1212 1212 1212
	    0x00e0:  1212 1212
	  unknown Option (0x12), length 18
	    0x0000:  1212 1212 1212 1212 1212 1212 1212 1212
	  unknown Option (0x12), length 18
	    0x0000:  1212 1212 1212 1212 1212 1212 1212 1212
	  unknown Option (0x12), length 18
	    0x0000:  1212 1212 1212 1212 1212 1212 1212 1212
	  unknown Option (0x12), length 18
	    0x0000:  1212 1212 1212 1212 1212 1212 1212 1212
	  unknown Option (0x12), length 18
	    0x0000:  1212 1212 1212 1212 1212 1212 1212 1212
	  unknown Option (0x12), length 18
	    0x0000:  1212 1212 1212 1212 1212 1212 1212 1212
	  unknown Option (0x12), length 18
	    0x0000:  1212 1212 1212 1212 1212 1212 1212 1212
	  unknown Option (0x12), length 18
	    0x0000:  1212 1212 1212 1212 1212 1212 1212 1212
	  unknown Option (0x12), length 18
	    0x0000:  1212 1212 1212 1212 1212 1212 1212 1212
	  unknown Option (0x12), length 18
	    0x0000:  1212 1212 1212 1212 1212 1212 1212 1212
	  unknown Option (0x12), length 18
	    0x0000:  1212 1212 1212 1212 1212 1212 1212 1212
	  unknown Option (0x12), length 18
	    0x0000:  1212 1212 1212 1212 1212 1212 1212 1212
	  unknown Option (0x12), length 18
	    0x0000:  1212 1212 1212 2912 1212 1212 1212 1212
	  unknown Option (0x12), length 18
	    0x0000:  1212 1212 1212 1212 1212 1212 1212 1212
	  unknown Option (0x12), length 18
	    0x0000:  1212 1212 1212 1212 1212 1212 1212 1212
	  unknown Option (0x12), length 18
	    0x0000:  1212 1212 1212 1212 1212 1200 0000 4012
	  unknown Option (0x12), length 18
	    0x0000:  1212 1212 1212 1212 1212 1212 1212 1212
	  unknown Option (0x12), length 18
	    0x0000:  1212 1212 1212 1212 1212 1212 1212 1212
	  unknown Option (0x12), length 18
	    0x0000:  1212 1212 1212 1212 1212 1212 1212 1212
	  unknown Option (0x12), length 18
	    0x0000:  1212 1212 1212 1212 1212 1212 1212 1212
	  unknown Option (0x12), length 18
	    0x0000:  1212 12e6 e6e6 e6e6 e6e6 e6e6 e6e6 e6e6
	  unknown Option (0xe6), length 230
	    0x0000:  e6e6 e6e6 e6e6 e6e6 e6e6 e6e6 e6e6 e6e6
	    0x0010:  e6e6 e6e6 e6e6 e6e6 e6e6 e6e6 e6e6 e6e6
	    0x0020:  e6e6 e6e6 e6e6 e6e6 e6e6 e6e6 e6e6 e6e6
	    0x0030:  e6e6 e6e6 e6e6 e6e6 e6e6 e6e6 e6e6 e6e6
	    0x0040:  e6e6 e6e6 e6e6 e6e6 e6e6 e6e6 e6e6 e6e6
	    0x0050:  e6e6 e6e6 e6e6 e6e6 e6e6 e6e6 e6e6 e6e6
	    0x0060:  e6e6 e6e6 e6e6 e6e6 e6e6 e6e6 e6e6 e6e6
	    0x0070:  e6e6 e6e6 e6e6 e6e6 e6e6 e6e6 e6e6 e6e6
	    0x0080:  e6e6 e6ff e6e6 e6e6 e6e6 e6e6 e6e6 24e6
	    0x0090:  e6e6 e6e6 e6e6 e6e6 e6e6 e6e6 e6e6 e6e6
	    0x00a0:  e6e6 e6e6 e6e6 e6e6 e6e6 e6e6 e6e6 e6e6
	    0x00b0:  e6e6 e6e6 e6e6 e6e6 e6e6 e6e6 e6e6 e6e6
	    0x00c0:  e6e6 e6e6 e6e6 e6e6 e6e6 e6e6 e6e6 e6e6
	    0x00d0:  e6e6 e6e6 e6e6 e6e6 e6e6 e6e6 e6e6 e6e6
	    0x00e0:  e6e6 e6e6
	  unknown Option (0xe6), length 230
	    0x0000:  e6e6 e6e6 e6e6 e6e6 e6e6 e6e6 e6e6 e6e6
	    0x0010:  e6e6 e6e6 e6e6 e6e6 e6e6 e6e6 e6e6 e6e6
	    0x0020:  e6e6 e6e6 e6e6 e6e6 e6e6 e6e6 e6e6 e6e6
	    0x0030:  e6e6 e6e6 e6e6 e6e6 e6e6 e6e6 e6e6 e6e6
	    0x0040:  e6e6 e6e6 e6e6 e6e6 e6e6 e6e6 e6e6 e6e6
	    0x0050:  e6e6 e6e6 e6e6 e6e6 e6e6 e6e6 e6e6 e6e6
	    0x0060:  e6e6 e6e6 e6e6 e6e6 e6e6 e6e6 e6e6 e6e6
	    0x0070:  e6e6 e6e6 e6e6 e6e6 e6e6 e6e6 e6e6 e6e6
	    0x0080:  e6e6 e6e6 e6e6 e6e6 e6e6 e6e6 e6e6 e6e6
	    0x0090:  e6e6 e6e6 e6e6 e6e6 e6e6 e6e6 e6e6 e6e6
	    0x00a0:  e6e6 e6e6 e6e6 e6e6 e6e6 e6e6 e6e6 e6e6
	    0x00b0:  e6e6 e6e6 e6e6 e6e6 e6e6 e6e6 e6e6 e6e6
	    0x00c0:  e6e6 e6e6 e6e6 e6e6 e6e6 e6e6 e6e6 e6e6
	    0x00d0:  e6e6 e6e6 e6e6 e6e6 e6e6 e6e6 e6e6 e6e6
	    0x00e0:  e6e6 e6e6
	  unknown Option (0xe6), length 230
	    0x0000:  e6e6 e6e6 e6e6 e6e6 e6e6 e6e6 e6e6 e6e6
	    0x0010:  e6e6 e6e6 e6e6 e6e6 e6e6 e6e6 e6e6 e6e6
	    0x0020:  e6e6 e6e6 e6e6 e6e6 e6e6 e6e6 e6e6 e6e6
	    0x0030:  e6e6 e6e6 e6e6 e6e6 e6e6 e6e6 e6e6 e6e6
	    0x0040:  e6e6 e6e6 e6e6 e6e6 e6e6 e6e6 e6e6 e6e6
	    0x0050:  e6e6 e6e6 e6e6 e6e6 e6e6 e6e6 e6e6 e6e6
	    0x0060:  e6e6 e6e6 e6e6 e6e6 e6e6 e6e6 e6e6 e6e6
	    0x0070:  e6e6 e6e6 e6e6 e6e6 e6e6 e6e6 e6e6 e6e6
	    0x0080:  e6e6 e6e6 e6e6 e6e6 e6e6 e6e6 e6e6 e6e6
	    0x0090:  e6e6 e6e6 e6e6 e6e6 e6e6 e6e6 e6e6 e6e6
	    0x00a0:  e6e6 e6e6 e6e6 e6e6 e6e6 e6e6 e6e6 e6e6
	    0x00b0:  e6e6 e6e6 e6e6 e6e6 e6e6 e6e6 e6e6 e6e6
	    0x00c0:  e6e6 e6e6 e6e6 e6e6 e6e6 e6e6 e6e6 e6e6
	    0x00d0:  e6e6 e6e6 e6e6 e6e6 e6e6 e6e6 e6e6 e6e6
	    0x00e0:  e6e6 e6e6
	  unknown Option (0xe6), length 230
	    0x0000:  e6e6 e6e6 e6e6 e6e6 e6e6 e6e6 e6e6 e6e6
	    0x0010:  e6e6 e6e6 e6e6 e6e6 e6e6 e6e6 e6e6 e6e6
	    0x0020:  e6e6 e6e6 e6e6 e6e6 e6e6 e6e6 e6e6 e6e6
	    0x0030:  e6e6 e6e6 e6e6 e6e6 e6e6 e6e6 e6e6 e6e6
	    0x0040:  e6e6 e6e6 e6e6 e6e6 e6e6 e6e6 e6e6 e6e6
	    0x0050:  e6e6 e6e6 e6e6 e6e6 e6e6 e6e6 e6e6 e6e6
	    0x0060:  e6e6 e6e6 e6e6 e6e6 e6e6 e6e6 e6e6 e6e6
	    0x0070:  e6e6 e6e6 e6e6 e6e6 e6e6 e6e6 e6e6 e6e6
	    0x0080:  e6e6 e6e6 e6e6 e6e6 e6e6 e6e6 e6e6 e6e6
	    0x0090:  e6e6 e6e6 e6e6 e6e6 e6e6 e6e6 e6e6 e6e6
	    0x00a0:  e6e6 e6e6 e6e6 e6e6 e6e6 e6e6 e6e6 e6e6
	    0x00b0:  e6e6 e6e6 e6e6 e6e6 e6e6 e6e6 e6e6 e6e6
	    0x00c0:  e6e6 e6e6 e6e6 e6e6 e6e6 e6e6 e6e6 e6e6
	    0x00d0:  e6e6 e6e6 e6e6 e6e6 e6e6 e6e6 e6e6 e6e6
	    0x00e0:  e6e6 e6e6
	  unknown Option (0xe6), length 230
	    0x0000:  e6e6 e6e6 e6e6 e6e6 e6e6 e6e6 e6e6 e6e6
	    0x0010:  e6e6 e6e6 e6e6 e6e6 e6e6 e6e6 e6e6 e6e6
	    0x0020:  e6e6 e6e6 e6e6 e6e6 e6e6 e6e6 e6e6 e6e6
	    0x0030:  e6e6 e6e6 e6e6 e6e6 e6e6 e6e6 e6e6 e6e6
	    0x0040:  e6e6 e6e6 e6e6 e6e6 e6e6 e6e6 e6e6 e6e6
	    0x0050:  e6e6 e6e6 e6e6 e6e6 e6e6 e6e6 e6e6 e6e6
	    0x0060:  e6e6 e6e6 e6e6 e6e6 e6e6 e664 e6e6 e6e6
	    0x0070:  e6e6 e6e6 e6e6 e6e6 e6e6 e6e6 e6e6 e6e6
	    0x0080:  e6e6 e6e6 e6e6 e6e6 e6e6 e6e6 e6e6 e6e6
	    0x0090:  e6e6 e6e6 e6e6 e6e6 e6e6 e6e6 e6e6 e6e6
	    0x00a0:  e6e6 e6e6 e6e6 e6e6 e6e6 e6e6 e6e6 e6e6
	    0x00b0:  e6e6 e6e6 e6e6 e6e6 e6e6 e6e6 e6e6 e6e6
	    0x00c0:  e6e6 e6e6 e6e6 e6e6 e6e6 e6e6 e6e6 e6e6
	    0x00d0:  e6e6 e6e6 e6e6 e6e6 e6e6 e6e6 e6e6 e6e6
	    0x00e0:  e6e6 e6e6
	  unknown Option (0xe6), length 230
	    0x0000:  e6e6 e6e6 e6e6 e6e6 e6e6 e6e6 e6e6 e6e6
	    0x0010:  e6e6 e6e6 e6e6 e6e6 e6e6 e6e6 e6e6 e6e6
	    0x0020:  e6e6 e6e6 e6e6 e6e6 e6e6 e6e6 e6e6 e6e6
	    0x0030:  e6e6 e6e6 e6e6 e6e6 e6e6 e6e6 e6e6 e6e6
	    0x0040:  e680 e6e6 e6e6 e6e6 e6e6 e6e6 e6e6 e6e6
	    0x0050:  e6e6 e6e6 e6e6 e6e6 e6e6 e6e6 e6e6 e6e6
	    0x0060:  e6e6 e6e6 e6e6 e6e6 e6e6 1212 1212 1212
	    0x0070:  1212 1212 1212 1212 e6e6 e6e6 e6e6 e6e6
	    0x0080:  e6e6 e6e6 e6e6 e6e6 e6e6 e6e6 e6e6 e6e6
	    0x0090:  e6e6 e6e6 e6e6 e6e6 e6e6 e6e6 e6e6 e6e6
	    0x00a0:  e6e6 e6e6 e6e6 e6e6 e6e6 e6e6 e6e6 e6e6
	    0x00b0:  e6e6 e6e6 e6e6 e6e6 e6e6 e6e6 e6e6 e6e6
	    0x00c0:  e6e6 e6e6 e6e6 e6e6 e6e6 e6e6 e6e6 e6e6
	    0x00d0:  e6e6 e6e6 e6e6 e6e6 e6e6 e6e6 e6e6 e6e6
	    0x00e0:  e6e6 e6e6
	  unknown Option (0xe6), length 230
	    0x0000:  e6e6 e6e6 e6e6 e6e6 e6e6 e6e6 e6e6 e6e6
	    0x0010:  e6e6 e6e6 e6e6 e6e6 e6e6 e6e6 e6e6 e6e6
	    0x0020:  e6e6 e6e6 e6e6 e6e6 e6e6 e6e6 e6e6 e6e6
	    0x0030:  e6e6 e6e6 e6e6 e6e6 e6e6 e6e6 e6e6 e6e6
	    0x0040:  e6e6 e6e6 e6e6 e6e6 e6e6 e6e6 e6e6 e6e6
	    0x0050:  e6e6 e6e6 e6e6 e6e6 e6e6 e6e6 e6e6 e6e6
	    0x0060:  e6e6 e6e6 e6e6 e6e6 e6e6 e6e6 e6e6 e6e6
	    0x0070:  e6e6 e6e6 e6e6 e6e6 e6e6 e6e6 e6e6 e6e6
	    0x0080:  e6e6 e6e6 e6e6 e6e6 e6e6 e6e6 e6e6 e6e6
	    0x0090:  e6e6 e6e6 e6e6 e6e6 e6e6 e6e6 e6e6 e6e6
	    0x00a0:  e6e6 e6e6 e6e6 e6e6 e6e6 e6e6 e6e6 e6e6
	    0x00b0:  e6e6 e6e6 e6e6 e6e6 e6e6 e6e6 e6e6 e6e6
	    0x00c0:  e6e6 e6e6 e6e6 e6e6 e6e6 e6e6 e6e6 e6e6
	    0x00d0:  e6e6 e6e6 e6e6 e6e6 e6e6 e6e6 e6e6 e6e6
	    0x00e0:  e6e6 e6e6
	  unknown Option (0xe6), length 230
	    0x0000:  e6e6 e6e6 e6e6 e6e6 e6e6 e6e6 e6e6 e6e6
	    0x0010:  e6e6 e6e6 e6e6 e6e6 e6e6 e6e6 e6e6 e6e6
	    0x0020:  e6e6 e6e6 e6e6 e6e6 e6e6 e6e6 e6e6 e6e6
	    0x0030:  e6e6 e6e6 e6e6 e6e6 e6e6 e6e6 e6e6 e6e6
	    0x0040:  e6e6 e6e6 e6e6 e6e6 e6e6 e6e6 e6e6 e6e6
	    0x0050:  e6e6 e6e6 e6e6 e6e6 e6e6 e6e6 e6e6 e6e6
	    0x0060:  e6e6 e6e6 e6e6 e6e6 e6e6 e6e6 e6e6 e6e6
	    0x0070:  e6e6 e6e6 e6e6 e6e6 e6e6 e6e6 e6e6 e6e6
	    0x0080:  e6e6 e6e6 e6e6 e6e6 e6e6 e6e6 e6e6 e6e6
	    0x0090:  e6e6 e6e6 e6e6 e6e6 e6e6 e6e6 e6e6 e6e6
	    0x00a0:  e6e6 e6e6 e6e6 e6e6 e6e6 e6e6 e6e6 e6e6
	    0x00b0:  e6e6 e6e6 e6e6 e6e6 e6e6 e6e6 e6e6 e6e6
	    0x00c0:  e6e6 e6e6 e6e6 e6e6 e6e6 e6e6 e6e6 e6e6
	    0x00d0:  e6e6 e6e6 e6e6 e6e6 e6e6 e6e6 e6e6 e6e6
	    0x00e0:  e6e6 e6e6
	  unknown Option (0xe6), length 230
	    0x0000:  e6e6 e6e6 e6e6 e6e6 e6e6 e6e6 e6e6 e6e6
	    0x0010:  e6e6 e6e6 e6e6 e6e6 e6e6 e6e6 e6e6 e6e6
	    0x0020:  e6e6 e6e6 e6e6 e6e6 e6e6 e6e6 e6e6 e6e6
	    0x0030:  e6e6 e6e6 e6e6 e6e6 e6e6 e6e6 e6e6 e6e6
	    0x0040:  e6e6 e6e6 e6e6 e6e6 e6e6 e6e6 e6e6 e6e6
	    0x0050:  e6e6 e6e6 e6e6 e6e6 e6e6 e6e6 e6e6 e6e6
	    0x0060:  e6e6 e6e6 e6e6 e6e6 e6e6 e6e6 e6e6 e6e6
	    0x0070:  e6e6 e6e6 e6e6 e6e6 e6e6 e6e6 e6e6 e6e6
	    0x0080:  e6e6 e6e6 e6e6 e6e6 e6e6 e6e6 e6e6 e6e6
	    0x0090:  e6e6 e6e6 e6e6 e6e6 e6e6 e6e6 e6e6 e6e6
	    0x00a0:  e6e6 e6e6 e6e6 e6e6 e6e6 e6e6 e6e6 e6e6
	    0x00b0:  e6e6 e6e6 e6e6 e6e6 e6e6 e6e6 e6e6 e6e6
	    0x00c0:  e6e6 e6e6 e6e6 e6e6 e6e6 e6e6 e6e6 e6e6
	    0x00d0:  e6e6 e6e6 e6e6 e6e6 e6e6 e6e6 e6e6 e6e6
	    0x00e0:  e6e6 e6e6
	  unknown Option (0xe6), length 230
	    0x0000:  e6e6 e6e6 e6e6 e6e6 e6e6 e6e6 e6e6 e6e6
	    0x0010:  e6e6 e6e6 e6e6 e6e6 e6e6 e6e6 e6e6 e6e6
	    0x0020:  e6e6 e6e6 e6e6 e6e6 e6e6 e6e6 e6e6 e6e6
	    0x0030:  e6e6 e6e6 e6e6 e6e6 e6e6 e6e6 e6e6 e6e6
	    0x0040:  e6e6 e6e6 e6e6 e6e6 e6e6 e6e6 e6e6 e6e6
	    0x0050:  e6e6 e6e6 e6e6 e6e6 e6e6 e6e6 e6e6 e6e6
	    0x0060:  e6e6 e6e6 e6e6 e6e6 e6e6 e6e6 e6e6 e6e6
	    0x0070:  e6e6 e6e6 e6e6 e6e6 e6e6 e6e6 e6e6 e6e6
	    0x0080:  e6e6 e6e6 e6e6 e6e6 e6e6 e6e6 e6e6 e6e6
	    0x0090:  e6e6 e6e6 e6e6 e6e6 e6e6 e6e6 e6e6 e6e6
	    0x00a0:  e6e6 e6e6 e6e6 e6e6 e6e6 e6e6 e6e6 e6e6
	    0x00b0:  e6e6 e6e6 e6e6 e6e6 e6e6 e6e6 e6e6 e6e6
	    0x00c0:  e6e6 e6e6 e6e6 e6e6 e6e6 e6e6 e6e6 e6e6
	    0x00d0:  e6e6 e6e6 e6e6 e6e6 e6e6 e6e6 e6e6 e6e6
	    0x00e0:  e6e6 e6e6
	  unknown Option (0xe6), length 230
	    0x0000:  e6e6 e6e6 e6e6 e6e6 e6e6 e6e6 e6e6 e6e6
	    0x0010:  e6e6 e6e6 e6e6 e6e6 e6e6 e6e6 e6e6 e6e6
	    0x0020:  e6e6 e6e6 e6e6 e6e6 e6e6 e6e6 e6e6 e6e6
	    0x0030:  e6e6 e6e6 e6e6 e6e6 e6e6 e6e6 e6e6 e6e6
	    0x0040:  e1e6 e6e6 e6e6 e6e6 e6e6 e6e6 e6e6 e6e6
	    0x0050:  e6e6 e6e6 e6e6 e6e6 e6e6 e6e6 e6e6 e6e6
	    0x0060:  e6e6 e6e6 e6e6 e6e6 e6e6 e6e6 e6e6 e6e6
	    0x0070:  e6e6 e6e6 e6e6 e6e6 e6e6 e6e6 e6e6 e6e6
	    0x0080:  e6e6 e6e6 e6e6 e6e6 e6e6 e6e6 e6e6 e6e6
	    0x0090:  e6e6 e6e6 e6e6 e6e6 e6e6 e6e6 e6e6 e6e6
	    0x00a0:  e6e6 e6e6 e6e6 e6e6 e6e6 e6e6 e6e6 e6e6
	    0x00b0:  e6e6 e6e6 e6e6 e6e6 e6e6 e6e6 e6e6 e6e6
	    0x00c0:  e6e6 e6e6 e6e6 e6e6 e6e6 e6e6 e6e6 e6e6
	    0x00d0:  e6e6 e6e6 e6e6 e6e6 e6e6 e6e6 e6e6 e6e6
	    0x00e0:  e6e6 e6e6
	  unknown Option (0xe6), length 230
	    0x0000:  e6e6 e6e6 e6e6 e6e6 e6e6 e6e6 e6e6 e6e6
	    0x0010:  e6e6 e6e6 e6e6 e6e6 e6e6 e6e6 e6e6 e6e6
	    0x0020:  e6e6 e6e6 e6e6 e6e6 e6e6 e6e6 e6e6 e6e6
	    0x0030:  e6e6 e6e6 e6e6 e6e6 e6e6 e6e6 e6e6 e6e6
	    0x0040:  e6e6 e6e6 e6e6 e6e6 e6e6 e6e6 e6e6 e6e6
	    0x0050:  e6e6 e6e6 e6e6 e6e6 e6e6 e6e6 e6e6 e6e6
	    0x0060:  e6e6 e6e6 e6e6 e6e6 e6e6 e6e6 e6e6 e6e6
	    0x0070:  e6e6 e6e6 e6e6 e6e6 e6e6 e6e6 e6e6 e6e6
	    0x0080:  e6e6 e6e6 e6e6 e6e6 e6e6 e6e6 e6e6 e6e6
	    0x0090:  e6e6 e6e6 e6e6 e6e6 e6e6 e6e6 e6e6 e6e6
	    0x00a0:  e6e6 e6e6 e6e6 e6e6 e6e6 e6e6 e6e6 e6e6
	    0x00b0:  e6e6 e6e6 e6e6 e6e6 e6e6 e6e6 e6e6 e6e6
	    0x00c0:  e6e6 e6e6 e6e6 e6e6 e6e6 e6e6 e6e6 e6e6
	    0x00d0:  e6e6 e6e6 e6e6 e6e6 e6e6 e6e6 e6e6 e6e6
	    0x00e0:  e6e6 e6e6
	  unknown Option (0xe6), length 230
	    0x0000:  e6e6 e6e6 e6e6 e6e6 e6e6 e6e6 e6e6 e6e6
	    0x0010:  e6e6 e6e6 e6e6 e6e6 e6e6 e6e6 e6e6 e6e6
	    0x0020:  e6e6 e6e6 e6e6 e6e6 e6e6 e6e6 e6e6 e6e6
	    0x0030:  e6e6 e6e6 e6e6 e6e6 e6e6 e6e6 e6e6 e6e6
	    0x0040:  e6e6 e6e6 e6e6 1212 1212 1212 1212 1212
	    0x0050:  1212 1212 1212 1212 1212 1212 1212 1212
	    0x0060:  1212 1212 1212 1212 1212 1212 1212 1212
	    0x0070:  1212 1212 1212 1212 1212 1212 1212 1212
	    0x0080:  1212 1212 1212 1212 1212 1212 1212 1212
	    0x0090:  1212 1212 1212 1212 1212 1212 1212 1212
	    0x00a0:  1212 1212 1212 1212 1212 1212 1212 1212
	    0x00b0:  1212 1212 1212 1212 1212 1212 1212 1212
	    0x00c0:  1212 1212 1212 1212 1212 1212 1212 1212
	    0x00d0:  1212 1212 1212 1212 1212 1212 1212 1212
	    0x00e0:  1212 1212 [remaining options length 38 < 230] (invalid)
