    1  10:34:30.580215 c6:81:06:cb:35:98 > ff:ff:ff:ff:ff:ff, PRP trailer (0x88fb), LSDUsize 52, SeqNr 3263, LanId A, ethertype ARP (0x0806), length 66: Request who-has 142.250.74.142 tell 192.168.0.10, length 52
    2  10:34:30.580224 b2:f0:66:9b:81:1c > ff:ff:ff:ff:ff:ff, PRP trailer (0x88fb), LSDUsize 52, SeqNr 3263, LanId B, ethertype ARP (0x0806), length 66: Request who-has 142.250.74.142 tell 192.168.0.10, length 52
    3  10:34:31.028126 c6:81:06:cb:35:98 > 01:15:4e:00:01:00, PRP trailer (0x88fb), LSDUsize 52, SeqNr 3264, LanId A, ethertype HSR/PRP Supervision (0x88fb), length 66: Version 1, SeqNr 36486, PathId 0, VDAN/DANP c6:81:06:cb:35:98
    4  10:34:31.028135 b2:f0:66:9b:81:1c > 01:15:4e:00:01:00, PRP trailer (0x88fb), LSDUsize 52, SeqNr 3264, LanId B, ethertype HSR/PRP Supervision (0x88fb), length 66: Version 1, SeqNr 36486, PathId 0, VDAN/DANP c6:81:06:cb:35:98
    5  10:34:31.604157 c6:81:06:cb:35:98 > ff:ff:ff:ff:ff:ff, PRP trailer (0x88fb), LSDUsize 52, SeqNr 3265, LanId A, ethertype ARP (0x0806), length 66: Request who-has 142.250.74.142 tell 192.168.0.10, length 52
    6  10:34:31.604167 b2:f0:66:9b:81:1c > ff:ff:ff:ff:ff:ff, PRP trailer (0x88fb), LSDUsize 52, SeqNr 3265, LanId B, ethertype ARP (0x0806), length 66: Request who-has 142.250.74.142 tell 192.168.0.10, length 52
    7  10:34:32.628138 c6:81:06:cb:35:98 > ff:ff:ff:ff:ff:ff, PRP trailer (0x88fb), LSDUsize 52, SeqNr 3266, LanId A, ethertype ARP (0x0806), length 66: Request who-has 142.250.74.142 tell 192.168.0.10, length 52
    8  10:34:32.628148 b2:f0:66:9b:81:1c > ff:ff:ff:ff:ff:ff, PRP trailer (0x88fb), LSDUsize 52, SeqNr 3266, LanId B, ethertype ARP (0x0806), length 66: Request who-has 142.250.74.142 tell 192.168.0.10, length 52
    9  10:34:33.044029 c6:81:06:cb:35:98 > 01:15:4e:00:01:00, PRP trailer (0x88fb), LSDUsize 52, SeqNr 3267, LanId A, ethertype HSR/PRP Supervision (0x88fb), length 66: Version 1, SeqNr 36487, PathId 0, VDAN/DANP c6:81:06:cb:35:98
   10  10:34:33.044039 b2:f0:66:9b:81:1c > 01:15:4e:00:01:00, PRP trailer (0x88fb), LSDUsize 52, SeqNr 3267, LanId B, ethertype HSR/PRP Supervision (0x88fb), length 66: Version 1, SeqNr 36487, PathId 0, VDAN/DANP c6:81:06:cb:35:98
   11  10:34:33.652277 c6:81:06:cb:35:98 > ff:ff:ff:ff:ff:ff, PRP trailer (0x88fb), LSDUsize 52, SeqNr 3268, LanId A, ethertype ARP (0x0806), length 66: Request who-has 142.250.74.142 tell 192.168.0.10, length 52
   12  10:34:33.652284 b2:f0:66:9b:81:1c > ff:ff:ff:ff:ff:ff, PRP trailer (0x88fb), LSDUsize 52, SeqNr 3268, LanId B, ethertype ARP (0x0806), length 66: Request who-has 142.250.74.142 tell 192.168.0.10, length 52
   13  10:34:34.676144 c6:81:06:cb:35:98 > ff:ff:ff:ff:ff:ff, PRP trailer (0x88fb), LSDUsize 52, SeqNr 3269, LanId A, ethertype ARP (0x0806), length 66: Request who-has 142.250.74.142 tell 192.168.0.10, length 52
   14  10:34:34.676155 b2:f0:66:9b:81:1c > ff:ff:ff:ff:ff:ff, PRP trailer (0x88fb), LSDUsize 52, SeqNr 3269, LanId B, ethertype ARP (0x0806), length 66: Request who-has 142.250.74.142 tell 192.168.0.10, length 52
