    1  10:06:29.360507 IPX a8f87967.00:00:00:00:00:01.0455 > 00000000.ff:ff:ff:ff:ff:ff.0455: ipx-netbios 50
    2  10:06:30.201745 IPX a8f87967.00:00:00:00:00:01.0455 > 00000000.ff:ff:ff:ff:ff:ff.0455: ipx-netbios 50
    3  10:06:31.042990 IPX a8f87967.00:00:00:ff:ff:ff.7f55 > 00000000.ff:ff:ff:ff:ff:ff.0455: ipx-netbios 50
    4  10:06:31.884337 IPX a855000b.41:44:4d:49:4e:54.4553 > 00000000.ff:ff:ff:ff:ff:ff.0455: ipx-netbios 162
