30:30:30:30:30:30 > 30:30:30:30:30:30, ethertype Unknown (0x3030), length 262144: 
	0x0000:  3030 3030 3030                           000000
30:30:30:30:30:30 > 30:30:30:30:30:30, ethertype Unknown (0x3030), length 262144: 
	0x0000:  3030 3030 3030                           000000
30:30:30:30:30:30 > 30:30:30:30:30:30, ethertype Unknown (0x3030), length 262144: 
	0x0000:  3030 3030 3030                           000000
30:30:30:30:30:30 > 30:30:30:30:30:30, ethertype Unknown (0x3030), length 262144: 
	0x0000:  3030 3030 3030                           000000
30:30:30:30:30:30 > 30:30:30:30:30:30, ethertype Unknown (0x3030), length 262144: 
	0x0000:  3030 3030 3030                           000000
30:30:30:30:30:30 > 30:30:30:30:30:30, ethertype Unknown (0x3030), length 262144: 
	0x0000:  3030 3030 3030                           000000
30:30:30:30:30:30 > 30:30:30:30:30:30, ethertype Unknown (0x3030), length 262144: 
	0x0000:  3030 3030 3030                           000000
30:30:30:30:30:30 > 30:30:30:30:30:30, ethertype Unknown (0x3030), length 262144: 
	0x0000:  3030 3030 3030                           000000
30:30:30:30:30:30 > 30:30:30:30:30:30, ethertype Unknown (0x3030), length 262144: 
	0x0000:  3030 3030 3030                           000000
30:30:30:30:30:30 > 30:30:30:30:30:30, ethertype Unknown (0x3030), length 262144: 
	0x0000:  3030 3030 3030                           000000
30:30:30:30:30:30 > 30:30:30:30:30:30, ethertype Unknown (0x3030), length 262144: 
	0x0000:  3030 3030 3030                           000000
30:30:30:30:30:30 > 30:30:30:30:30:30, ethertype Unknown (0x3030), length 262144: 
	0x0000:  3030 3030 3030                           000000
30:30:30:30:30:30 > 30:30:30:30:30:30, ethertype Unknown (0x3030), length 262144: 
	0x0000:  3030 3030 3030                           000000
STP 802.1d [|stp]
