    1  IP 131.155.215.69.46656 > 137.116.81.94.80: tcp 0
    2  IP 137.116.81.94.80 > 131.155.215.69.46656: tcp 0
    3  IP 131.155.215.69.46656 > 137.116.81.94.80: tcp 0
