    1  1418145369.924505 IP 131.155.215.69.46656 > 137.116.81.94.80: tcp 0
    2  1418145370.052027 IP 137.116.81.94.80 > 131.155.215.69.46656: tcp 0
    3  1418145370.052115 IP 131.155.215.69.46656 > 137.116.81.94.80: tcp 0
