    1  21:55:06.745865 IP 10.0.0.91 > 224.0.0.18: VRRPv2, Advertisement, vrid 42, prio 191, authtype simple, intvl 10s, length 28
    2  21:55:06.749784 IP 10.0.0.91 > 224.0.0.18: VRRPv2, Advertisement, vrid 43, prio 191, authtype none, intvl 10s, length 20
    3  21:55:09.074730 IP 10.0.0.91 > 224.0.0.18: VRRPv3, Advertisement, vrid 44, prio 191, intvl 1000cs, length 16
    4  21:55:16.753372 IP 10.0.0.91 > 224.0.0.18: VRRPv2, Advertisement, vrid 42, prio 191, authtype simple, intvl 10s, length 28
    5  21:55:16.753436 IP 10.0.0.91 > 224.0.0.18: VRRPv2, Advertisement, vrid 43, prio 191, authtype none, intvl 10s, length 20
    6  21:55:19.064377 IP6 fe80::d6ca:6dff:fe66:cf60 > ff02::12: VRRPv3, Advertisement, vrid 45, prio 191, intvl 1000cs, length 40
    7  21:55:19.064509 IP6 fe80::d6ca:6dff:fe66:cf60 > ff02::12: VRRPv3, Advertisement, vrid 46, prio 191, intvl 1000cs, length 88
    8  21:55:19.074681 IP 10.0.0.91 > 224.0.0.18: VRRPv3, Advertisement, vrid 44, prio 191, intvl 1000cs, length 16
    9  21:55:26.751857 IP 10.0.0.91 > 224.0.0.18: VRRPv2, Advertisement, vrid 42, prio 191, authtype simple, intvl 10s, length 28
   10  21:55:26.751923 IP 10.0.0.91 > 224.0.0.18: VRRPv2, Advertisement, vrid 43, prio 191, authtype none, intvl 10s, length 20
   11  21:55:29.068063 IP6 fe80::d6ca:6dff:fe66:cf60 > ff02::12: VRRPv3, Advertisement, vrid 46, prio 191, intvl 1000cs, length 88
   12  21:55:29.068132 IP6 fe80::d6ca:6dff:fe66:cf60 > ff02::12: VRRPv3, Advertisement, vrid 45, prio 191, intvl 1000cs, length 40
   13  21:55:29.078313 IP 10.0.0.91 > 224.0.0.18: VRRPv3, Advertisement, vrid 44, prio 191, intvl 1000cs, length 16
   14  21:55:34.773565 IP 10.0.0.92 > 224.0.0.18: VRRPv2, Advertisement, vrid 42, prio 192, authtype simple, intvl 10s, length 28
   15  21:55:34.783698 IP 10.0.0.92 > 224.0.0.18: VRRPv2, Advertisement, vrid 43, prio 192, authtype none, intvl 10s, length 20
   16  21:55:37.044216 IP 10.0.0.92 > 224.0.0.18: VRRPv3, Advertisement, vrid 44, prio 192, intvl 1000cs, length 16
   17  21:55:39.070934 IP6 fe80::d6ca:6dff:fe66:cf60 > ff02::12: VRRPv3, Advertisement, vrid 45, prio 191, intvl 1000cs, length 40
   18  21:55:39.071010 IP6 fe80::d6ca:6dff:fe66:cf60 > ff02::12: VRRPv3, Advertisement, vrid 46, prio 191, intvl 1000cs, length 88
   19  21:55:44.778957 IP 10.0.0.92 > 224.0.0.18: VRRPv2, Advertisement, vrid 42, prio 192, authtype simple, intvl 10s, length 28
   20  21:55:44.789130 IP 10.0.0.92 > 224.0.0.18: VRRPv2, Advertisement, vrid 43, prio 192, authtype none, intvl 10s, length 20
   21  21:55:47.046947 IP 10.0.0.92 > 224.0.0.18: VRRPv3, Advertisement, vrid 44, prio 192, intvl 1000cs, length 16
   22  21:55:47.047012 IP6 fe80::d6ca:6dff:fe72:b1da > ff02::12: VRRPv3, Advertisement, vrid 46, prio 192, intvl 1000cs, length 88
   23  21:55:47.047042 IP6 fe80::d6ca:6dff:fe72:b1da > ff02::12: VRRPv3, Advertisement, vrid 45, prio 192, intvl 1000cs, length 40
   24  21:55:54.780328 IP 10.0.0.92 > 224.0.0.18: VRRPv2, Advertisement, vrid 42, prio 192, authtype simple, intvl 10s, length 28
   25  21:55:54.780387 IP 10.0.0.92 > 224.0.0.18: VRRPv2, Advertisement, vrid 43, prio 192, authtype none, intvl 10s, length 20
   26  21:55:57.042694 IP 10.0.0.92 > 224.0.0.18: VRRPv3, Advertisement, vrid 44, prio 192, intvl 1000cs, length 16
   27  21:55:57.042754 IP6 fe80::d6ca:6dff:fe72:b1da > ff02::12: VRRPv3, Advertisement, vrid 45, prio 192, intvl 1000cs, length 40
   28  21:55:57.042778 IP6 fe80::d6ca:6dff:fe72:b1da > ff02::12: VRRPv3, Advertisement, vrid 46, prio 192, intvl 1000cs, length 88
   29  21:56:04.643506 IP 10.0.0.93 > 224.0.0.18: VRRPv2, Advertisement, vrid 42, prio 193, authtype simple, intvl 10s, length 28
   30  21:56:04.649862 IP 10.0.0.93 > 224.0.0.18: VRRPv2, Advertisement, vrid 43, prio 193, authtype none, intvl 10s, length 20
   31  21:56:06.862122 IP 10.0.0.93 > 224.0.0.18: VRRPv3, Advertisement, vrid 44, prio 193, intvl 1000cs, length 16
   32  21:56:07.046980 IP6 fe80::d6ca:6dff:fe72:b1da > ff02::12: VRRPv3, Advertisement, vrid 46, prio 192, intvl 1000cs, length 88
   33  21:56:07.047062 IP6 fe80::d6ca:6dff:fe72:b1da > ff02::12: VRRPv3, Advertisement, vrid 45, prio 192, intvl 1000cs, length 40
   34  21:56:14.647902 IP 10.0.0.93 > 224.0.0.18: VRRPv2, Advertisement, vrid 42, prio 193, authtype simple, intvl 10s, length 28
   35  21:56:14.647963 IP 10.0.0.93 > 224.0.0.18: VRRPv2, Advertisement, vrid 43, prio 193, authtype none, intvl 10s, length 20
   36  21:56:16.860142 IP6 fe80::d6ca:6dff:fe66:cf65 > ff02::12: VRRPv3, Advertisement, vrid 46, prio 193, intvl 1000cs, length 88
   37  21:56:16.860206 IP6 fe80::d6ca:6dff:fe66:cf65 > ff02::12: VRRPv3, Advertisement, vrid 45, prio 193, intvl 1000cs, length 40
   38  21:56:16.860214 IP 10.0.0.93 > 224.0.0.18: VRRPv3, Advertisement, vrid 44, prio 193, intvl 1000cs, length 16
   39  21:56:24.657679 IP 10.0.0.93 > 224.0.0.18: VRRPv2, Advertisement, vrid 42, prio 193, authtype simple, intvl 10s, length 28
   40  21:56:24.657741 IP 10.0.0.93 > 224.0.0.18: VRRPv2, Advertisement, vrid 43, prio 193, authtype none, intvl 10s, length 20
   41  21:56:26.859969 IP6 fe80::d6ca:6dff:fe66:cf65 > ff02::12: VRRPv3, Advertisement, vrid 46, prio 193, intvl 1000cs, length 88
   42  21:56:26.860037 IP6 fe80::d6ca:6dff:fe66:cf65 > ff02::12: VRRPv3, Advertisement, vrid 45, prio 193, intvl 1000cs, length 40
   43  21:56:26.860045 IP 10.0.0.93 > 224.0.0.18: VRRPv3, Advertisement, vrid 44, prio 193, intvl 1000cs, length 16
   44  21:56:34.667398 IP 10.0.0.93 > 224.0.0.18: VRRPv2, Advertisement, vrid 43, prio 193, authtype none, intvl 10s, length 20
   45  21:56:34.667454 IP 10.0.0.93 > 224.0.0.18: VRRPv2, Advertisement, vrid 42, prio 193, authtype simple, intvl 10s, length 28
   46  21:56:36.859720 IP6 fe80::d6ca:6dff:fe66:cf65 > ff02::12: VRRPv3, Advertisement, vrid 46, prio 193, intvl 1000cs, length 88
   47  21:56:36.859786 IP6 fe80::d6ca:6dff:fe66:cf65 > ff02::12: VRRPv3, Advertisement, vrid 45, prio 193, intvl 1000cs, length 40
   48  21:56:36.859795 IP 10.0.0.93 > 224.0.0.18: VRRPv3, Advertisement, vrid 44, prio 193, intvl 1000cs, length 16
   49  21:56:41.365005 IP 10.0.0.94 > 224.0.0.18: VRRPv2, Advertisement, vrid 42, prio 194, authtype simple, intvl 10s, length 28
   50  21:56:41.367020 IP 10.0.0.94 > 224.0.0.18: VRRPv2, Advertisement, vrid 43, prio 194, authtype none, intvl 10s, length 20
   51  21:56:43.571121 IP 10.0.0.94 > 224.0.0.18: VRRPv3, Advertisement, vrid 44, prio 194, intvl 1000cs, length 16
   52  21:56:46.860576 IP6 fe80::d6ca:6dff:fe66:cf65 > ff02::12: VRRPv3, Advertisement, vrid 46, prio 193, intvl 1000cs, length 88
   53  21:56:46.860627 IP6 fe80::d6ca:6dff:fe66:cf65 > ff02::12: VRRPv3, Advertisement, vrid 45, prio 193, intvl 1000cs, length 40
   54  21:56:51.366475 IP 10.0.0.94 > 224.0.0.18: VRRPv2, Advertisement, vrid 42, prio 194, authtype simple, intvl 10s, length 28
   55  21:56:51.366535 IP 10.0.0.94 > 224.0.0.18: VRRPv2, Advertisement, vrid 43, prio 194, authtype none, intvl 10s, length 20
   56  21:56:53.568732 IP6 fe80::d6ca:6dff:fe65:d45c > ff02::12: VRRPv3, Advertisement, vrid 45, prio 194, intvl 1000cs, length 40
   57  21:56:53.568785 IP 10.0.0.94 > 224.0.0.18: VRRPv3, Advertisement, vrid 44, prio 194, intvl 1000cs, length 16
   58  21:56:53.589188 IP6 fe80::d6ca:6dff:fe65:d45c > ff02::12: VRRPv3, Advertisement, vrid 46, prio 194, intvl 1000cs, length 88
   59  21:57:01.373895 IP 10.0.0.94 > 224.0.0.18: VRRPv2, Advertisement, vrid 42, prio 194, authtype simple, intvl 10s, length 28
   60  21:57:01.373951 IP 10.0.0.94 > 224.0.0.18: VRRPv2, Advertisement, vrid 43, prio 194, authtype none, intvl 10s, length 20
   61  21:57:03.566197 IP 10.0.0.94 > 224.0.0.18: VRRPv3, Advertisement, vrid 44, prio 194, intvl 1000cs, length 16
   62  21:57:03.566241 IP6 fe80::d6ca:6dff:fe65:d45c > ff02::12: VRRPv3, Advertisement, vrid 45, prio 194, intvl 1000cs, length 40
   63  21:57:03.586537 IP6 fe80::d6ca:6dff:fe65:d45c > ff02::12: VRRPv3, Advertisement, vrid 46, prio 194, intvl 1000cs, length 88
   64  21:57:11.381178 IP 10.0.0.94 > 224.0.0.18: VRRPv2, Advertisement, vrid 42, prio 194, authtype simple, intvl 10s, length 28
   65  21:57:11.381238 IP 10.0.0.94 > 224.0.0.18: VRRPv2, Advertisement, vrid 43, prio 194, authtype none, intvl 10s, length 20
   66  21:57:13.563581 IP6 fe80::d6ca:6dff:fe65:d45c > ff02::12: VRRPv3, Advertisement, vrid 45, prio 194, intvl 1000cs, length 40
   67  21:57:13.563652 IP 10.0.0.94 > 224.0.0.18: VRRPv3, Advertisement, vrid 44, prio 194, intvl 1000cs, length 16
   68  21:57:13.583750 IP6 fe80::d6ca:6dff:fe65:d45c > ff02::12: VRRPv3, Advertisement, vrid 46, prio 194, intvl 1000cs, length 88
   69  21:57:21.390823 IP 10.0.0.94 > 224.0.0.18: VRRPv2, Advertisement, vrid 42, prio 194, authtype simple, intvl 10s, length 28
   70  21:57:21.390887 IP 10.0.0.94 > 224.0.0.18: VRRPv2, Advertisement, vrid 43, prio 194, authtype none, intvl 10s, length 20
   71  21:57:23.563280 IP 10.0.0.94 > 224.0.0.18: VRRPv3, Advertisement, vrid 44, prio 194, intvl 1000cs, length 16
   72  21:57:23.563341 IP6 fe80::d6ca:6dff:fe65:d45c > ff02::12: VRRPv3, Advertisement, vrid 45, prio 194, intvl 1000cs, length 40
   73  21:57:23.583426 IP6 fe80::d6ca:6dff:fe65:d45c > ff02::12: VRRPv3, Advertisement, vrid 46, prio 194, intvl 1000cs, length 88
   74  21:57:30.198637 IP 10.0.0.95 > 224.0.0.18: VRRPv2, Advertisement, vrid 42, prio 195, authtype simple, intvl 10s, length 28
   75  21:57:30.202588 IP 10.0.0.95 > 224.0.0.18: VRRPv2, Advertisement, vrid 43, prio 195, authtype none, intvl 10s, length 20
   76  21:57:32.373402 IP 10.0.0.95 > 224.0.0.18: VRRPv3, Advertisement, vrid 44, prio 195, intvl 1000cs, length 16
   77  21:57:33.567816 IP6 fe80::d6ca:6dff:fe65:d45c > ff02::12: VRRPv3, Advertisement, vrid 45, prio 194, intvl 1000cs, length 40
   78  21:57:33.588127 IP6 fe80::d6ca:6dff:fe65:d45c > ff02::12: VRRPv3, Advertisement, vrid 46, prio 194, intvl 1000cs, length 88
   79  21:57:40.205279 IP 10.0.0.95 > 224.0.0.18: VRRPv2, Advertisement, vrid 42, prio 195, authtype simple, intvl 10s, length 28
   80  21:57:40.205343 IP 10.0.0.95 > 224.0.0.18: VRRPv2, Advertisement, vrid 43, prio 195, authtype none, intvl 10s, length 20
   81  21:57:42.367695 IP 10.0.0.95 > 224.0.0.18: VRRPv3, Advertisement, vrid 44, prio 195, intvl 1000cs, length 16
   82  21:57:42.367760 IP6 fe80::d6ca:6dff:fe65:d46b > ff02::12: VRRPv3, Advertisement, vrid 45, prio 195, intvl 1000cs, length 40
   83  21:57:42.377819 IP6 fe80::d6ca:6dff:fe65:d46b > ff02::12: VRRPv3, Advertisement, vrid 46, prio 195, intvl 1000cs, length 88
   84  21:57:50.215046 IP 10.0.0.95 > 224.0.0.18: VRRPv2, Advertisement, vrid 42, prio 195, authtype simple, intvl 10s, length 28
   85  21:57:50.215112 IP 10.0.0.95 > 224.0.0.18: VRRPv2, Advertisement, vrid 43, prio 195, authtype none, intvl 10s, length 20
   86  21:57:52.367351 IP6 fe80::d6ca:6dff:fe65:d46b > ff02::12: VRRPv3, Advertisement, vrid 45, prio 195, intvl 1000cs, length 40
   87  21:57:52.367427 IP 10.0.0.95 > 224.0.0.18: VRRPv3, Advertisement, vrid 44, prio 195, intvl 1000cs, length 16
   88  21:57:52.377456 IP6 fe80::d6ca:6dff:fe65:d46b > ff02::12: VRRPv3, Advertisement, vrid 46, prio 195, intvl 1000cs, length 88
   89  21:58:00.224875 IP 10.0.0.95 > 224.0.0.18: VRRPv2, Advertisement, vrid 42, prio 195, authtype simple, intvl 10s, length 28
   90  21:58:00.224935 IP 10.0.0.95 > 224.0.0.18: VRRPv2, Advertisement, vrid 43, prio 195, authtype none, intvl 10s, length 20
   91  21:58:02.367084 IP 10.0.0.95 > 224.0.0.18: VRRPv3, Advertisement, vrid 44, prio 195, intvl 1000cs, length 16
   92  21:58:02.367144 IP6 fe80::d6ca:6dff:fe65:d46b > ff02::12: VRRPv3, Advertisement, vrid 45, prio 195, intvl 1000cs, length 40
   93  21:58:02.377445 IP6 fe80::d6ca:6dff:fe65:d46b > ff02::12: VRRPv3, Advertisement, vrid 46, prio 195, intvl 1000cs, length 88
   94  21:58:04.461974 IP 10.0.0.96 > 224.0.0.18: VRRPv2, Advertisement, vrid 42, prio 196, authtype simple, intvl 10s, length 28
   95  21:58:04.466033 IP 10.0.0.96 > 224.0.0.18: VRRPv2, Advertisement, vrid 43, prio 196, authtype none, intvl 10s, length 20
   96  21:58:06.599034 IP 10.0.0.96 > 224.0.0.18: VRRPv3, Advertisement, vrid 44, prio 196, intvl 1000cs, length 16
   97  21:58:12.374622 IP6 fe80::d6ca:6dff:fe65:d46b > ff02::12: VRRPv3, Advertisement, vrid 45, prio 195, intvl 1000cs, length 40
   98  21:58:12.374697 IP6 fe80::d6ca:6dff:fe65:d46b > ff02::12: VRRPv3, Advertisement, vrid 46, prio 195, intvl 1000cs, length 88
   99  21:58:14.458404 IP 10.0.0.96 > 224.0.0.18: VRRPv2, Advertisement, vrid 42, prio 196, authtype simple, intvl 10s, length 28
  100  21:58:14.468662 IP 10.0.0.96 > 224.0.0.18: VRRPv2, Advertisement, vrid 43, prio 196, authtype none, intvl 10s, length 20
  101  21:58:16.590792 IP6 fe80::d6ca:6dff:fe72:b1e4 > ff02::12: VRRPv3, Advertisement, vrid 45, prio 196, intvl 1000cs, length 40
  102  21:58:16.600962 IP 10.0.0.96 > 224.0.0.18: VRRPv3, Advertisement, vrid 44, prio 196, intvl 1000cs, length 16
  103  21:58:16.611202 IP6 fe80::d6ca:6dff:fe72:b1e4 > ff02::12: VRRPv3, Advertisement, vrid 46, prio 196, intvl 1000cs, length 88
  104  21:58:24.464854 IP 10.0.0.96 > 224.0.0.18: VRRPv2, Advertisement, vrid 42, prio 196, authtype simple, intvl 10s, length 28
  105  21:58:24.464916 IP 10.0.0.96 > 224.0.0.18: VRRPv2, Advertisement, vrid 43, prio 196, authtype none, intvl 10s, length 20
  106  21:58:26.587122 IP6 fe80::d6ca:6dff:fe72:b1e4 > ff02::12: VRRPv3, Advertisement, vrid 45, prio 196, intvl 1000cs, length 40
  107  21:58:26.597278 IP 10.0.0.96 > 224.0.0.18: VRRPv3, Advertisement, vrid 44, prio 196, intvl 1000cs, length 16
  108  21:58:26.607415 IP6 fe80::d6ca:6dff:fe72:b1e4 > ff02::12: VRRPv3, Advertisement, vrid 46, prio 196, intvl 1000cs, length 88
  109  21:58:34.474628 IP 10.0.0.96 > 224.0.0.18: VRRPv2, Advertisement, vrid 43, prio 196, authtype none, intvl 10s, length 20
  110  21:58:34.474688 IP 10.0.0.96 > 224.0.0.18: VRRPv2, Advertisement, vrid 42, prio 196, authtype simple, intvl 10s, length 28
  111  21:58:36.586887 IP6 fe80::d6ca:6dff:fe72:b1e4 > ff02::12: VRRPv3, Advertisement, vrid 45, prio 196, intvl 1000cs, length 40
  112  21:58:36.597038 IP 10.0.0.96 > 224.0.0.18: VRRPv3, Advertisement, vrid 44, prio 196, intvl 1000cs, length 16
  113  21:58:36.607177 IP6 fe80::d6ca:6dff:fe72:b1e4 > ff02::12: VRRPv3, Advertisement, vrid 46, prio 196, intvl 1000cs, length 88
  114  21:58:44.484468 IP 10.0.0.96 > 224.0.0.18: VRRPv2, Advertisement, vrid 42, prio 196, authtype simple, intvl 10s, length 28
  115  21:58:44.484534 IP 10.0.0.96 > 224.0.0.18: VRRPv2, Advertisement, vrid 43, prio 196, authtype none, intvl 10s, length 20
  116  21:58:46.585913 IP6 fe80::d6ca:6dff:fe72:b1e4 > ff02::12: VRRPv3, Advertisement, vrid 45, prio 196, intvl 1000cs, length 40
  117  21:58:46.596106 IP 10.0.0.96 > 224.0.0.18: VRRPv3, Advertisement, vrid 44, prio 196, intvl 1000cs, length 16
  118  21:58:46.606276 IP6 fe80::d6ca:6dff:fe72:b1e4 > ff02::12: VRRPv3, Advertisement, vrid 46, prio 196, intvl 1000cs, length 88
  119  21:58:49.932515 IP 10.0.0.97 > 224.0.0.18: VRRPv2, Advertisement, vrid 42, prio 197, authtype simple, intvl 10s, length 28
  120  21:58:49.935030 IP 10.0.0.97 > 224.0.0.18: VRRPv2, Advertisement, vrid 43, prio 197, authtype none, intvl 10s, length 20
  121  21:58:52.025571 IP 10.0.0.97 > 224.0.0.18: VRRPv3, Advertisement, vrid 44, prio 197, intvl 1000cs, length 16
  122  21:58:56.594126 IP6 fe80::d6ca:6dff:fe72:b1e4 > ff02::12: VRRPv3, Advertisement, vrid 45, prio 196, intvl 1000cs, length 40
  123  21:58:56.604316 IP6 fe80::d6ca:6dff:fe72:b1e4 > ff02::12: VRRPv3, Advertisement, vrid 46, prio 196, intvl 1000cs, length 88
  124  21:58:59.938046 IP 10.0.0.97 > 224.0.0.18: VRRPv2, Advertisement, vrid 42, prio 197, authtype simple, intvl 10s, length 28
  125  21:58:59.938096 IP 10.0.0.97 > 224.0.0.18: VRRPv2, Advertisement, vrid 43, prio 197, authtype none, intvl 10s, length 20
  126  21:59:02.020356 IP6 fe80::20c:42ff:fe5e:c2dc > ff02::12: VRRPv3, Advertisement, vrid 45, prio 197, intvl 1000cs, length 40
  127  21:59:02.030572 IP 10.0.0.97 > 224.0.0.18: VRRPv3, Advertisement, vrid 44, prio 197, intvl 1000cs, length 16
  128  21:59:02.040691 IP6 fe80::20c:42ff:fe5e:c2dc > ff02::12: VRRPv3, Advertisement, vrid 46, prio 197, intvl 1000cs, length 88
  129  21:59:09.941288 IP 10.0.0.97 > 224.0.0.18: VRRPv2, Advertisement, vrid 43, prio 197, authtype none, intvl 10s, length 20
  130  21:59:09.941346 IP 10.0.0.97 > 224.0.0.18: VRRPv2, Advertisement, vrid 42, prio 197, authtype simple, intvl 10s, length 28
  131  21:59:12.013545 IP6 fe80::20c:42ff:fe5e:c2dc > ff02::12: VRRPv3, Advertisement, vrid 45, prio 197, intvl 1000cs, length 40
  132  21:59:12.023710 IP 10.0.0.97 > 224.0.0.18: VRRPv3, Advertisement, vrid 44, prio 197, intvl 1000cs, length 16
  133  21:59:12.033831 IP6 fe80::20c:42ff:fe5e:c2dc > ff02::12: VRRPv3, Advertisement, vrid 46, prio 197, intvl 1000cs, length 88
  134  21:59:19.951291 IP 10.0.0.97 > 224.0.0.18: VRRPv2, Advertisement, vrid 42, prio 197, authtype simple, intvl 10s, length 28
  135  21:59:19.951350 IP 10.0.0.97 > 224.0.0.18: VRRPv2, Advertisement, vrid 43, prio 197, authtype none, intvl 10s, length 20
  136  21:59:22.013537 IP6 fe80::20c:42ff:fe5e:c2dc > ff02::12: VRRPv3, Advertisement, vrid 45, prio 197, intvl 1000cs, length 40
  137  21:59:22.023644 IP 10.0.0.97 > 224.0.0.18: VRRPv3, Advertisement, vrid 44, prio 197, intvl 1000cs, length 16
  138  21:59:22.033781 IP6 fe80::20c:42ff:fe5e:c2dc > ff02::12: VRRPv3, Advertisement, vrid 46, prio 197, intvl 1000cs, length 88
  139  21:59:29.961257 IP 10.0.0.97 > 224.0.0.18: VRRPv2, Advertisement, vrid 43, prio 197, authtype none, intvl 10s, length 20
  140  21:59:29.961318 IP 10.0.0.97 > 224.0.0.18: VRRPv2, Advertisement, vrid 42, prio 197, authtype simple, intvl 10s, length 28
  141  21:59:32.013287 IP6 fe80::20c:42ff:fe5e:c2dc > ff02::12: VRRPv3, Advertisement, vrid 45, prio 197, intvl 1000cs, length 40
  142  21:59:32.023734 IP 10.0.0.97 > 224.0.0.18: VRRPv3, Advertisement, vrid 44, prio 197, intvl 1000cs, length 16
  143  21:59:32.033779 IP6 fe80::20c:42ff:fe5e:c2dc > ff02::12: VRRPv3, Advertisement, vrid 46, prio 197, intvl 1000cs, length 88
  144  21:59:39.971275 IP 10.0.0.97 > 224.0.0.18: VRRPv2, Advertisement, vrid 42, prio 197, authtype simple, intvl 10s, length 28
  145  21:59:39.971336 IP 10.0.0.97 > 224.0.0.18: VRRPv2, Advertisement, vrid 43, prio 197, authtype none, intvl 10s, length 20
  146  21:59:42.013484 IP6 fe80::20c:42ff:fe5e:c2dc > ff02::12: VRRPv3, Advertisement, vrid 45, prio 197, intvl 1000cs, length 40
  147  21:59:42.023603 IP 10.0.0.97 > 224.0.0.18: VRRPv3, Advertisement, vrid 44, prio 197, intvl 1000cs, length 16
  148  21:59:42.033784 IP6 fe80::20c:42ff:fe5e:c2dc > ff02::12: VRRPv3, Advertisement, vrid 46, prio 197, intvl 1000cs, length 88
  149  21:59:49.981283 IP 10.0.0.97 > 224.0.0.18: VRRPv2, Advertisement, vrid 43, prio 197, authtype none, intvl 10s, length 20
  150  21:59:49.981343 IP 10.0.0.97 > 224.0.0.18: VRRPv2, Advertisement, vrid 42, prio 197, authtype simple, intvl 10s, length 28
  151  21:59:52.013458 IP6 fe80::20c:42ff:fe5e:c2dc > ff02::12: VRRPv3, Advertisement, vrid 45, prio 197, intvl 1000cs, length 40
  152  21:59:52.023620 IP 10.0.0.97 > 224.0.0.18: VRRPv3, Advertisement, vrid 44, prio 197, intvl 1000cs, length 16
  153  21:59:52.033729 IP6 fe80::20c:42ff:fe5e:c2dc > ff02::12: VRRPv3, Advertisement, vrid 46, prio 197, intvl 1000cs, length 88
  154  21:59:59.991224 IP 10.0.0.97 > 224.0.0.18: VRRPv2, Advertisement, vrid 42, prio 197, authtype simple, intvl 10s, length 28
  155  21:59:59.991284 IP 10.0.0.97 > 224.0.0.18: VRRPv2, Advertisement, vrid 43, prio 197, authtype none, intvl 10s, length 20
  156  22:00:02.013448 IP6 fe80::20c:42ff:fe5e:c2dc > ff02::12: VRRPv3, Advertisement, vrid 45, prio 197, intvl 1000cs, length 40
  157  22:00:02.023620 IP 10.0.0.97 > 224.0.0.18: VRRPv3, Advertisement, vrid 44, prio 197, intvl 1000cs, length 16
  158  22:00:02.033735 IP6 fe80::20c:42ff:fe5e:c2dc > ff02::12: VRRPv3, Advertisement, vrid 46, prio 197, intvl 1000cs, length 88
  159  22:00:10.001302 IP 10.0.0.97 > 224.0.0.18: VRRPv2, Advertisement, vrid 43, prio 197, authtype none, intvl 10s, length 20
  160  22:00:10.001364 IP 10.0.0.97 > 224.0.0.18: VRRPv2, Advertisement, vrid 42, prio 197, authtype simple, intvl 10s, length 28
  161  22:00:12.013443 IP6 fe80::20c:42ff:fe5e:c2dc > ff02::12: VRRPv3, Advertisement, vrid 45, prio 197, intvl 1000cs, length 40
  162  22:00:12.023585 IP 10.0.0.97 > 224.0.0.18: VRRPv3, Advertisement, vrid 44, prio 197, intvl 1000cs, length 16
  163  22:00:12.033752 IP6 fe80::20c:42ff:fe5e:c2dc > ff02::12: VRRPv3, Advertisement, vrid 46, prio 197, intvl 1000cs, length 88
  164  22:00:20.011269 IP 10.0.0.97 > 224.0.0.18: VRRPv2, Advertisement, vrid 42, prio 197, authtype simple, intvl 10s, length 28
  165  22:00:20.011328 IP 10.0.0.97 > 224.0.0.18: VRRPv2, Advertisement, vrid 43, prio 197, authtype none, intvl 10s, length 20
